Component: ARM Compiler 5.06 update 5 (build 528) Tool: armlink [4d35e2]

==============================================================================

Section Cross References

    startup_stm32f103xe.o(RESET) refers to startup_stm32f103xe.o(STACK) for __initial_sp
    startup_stm32f103xe.o(RESET) refers to startup_stm32f103xe.o(.text) for Reset_Handler
    startup_stm32f103xe.o(RESET) refers to stm32f1xx_it.o(i.NMI_Handler) for NMI_Handler
    startup_stm32f103xe.o(RESET) refers to stm32f1xx_it.o(i.HardFault_Handler) for HardFault_Handler
    startup_stm32f103xe.o(RESET) refers to stm32f1xx_it.o(i.MemManage_Handler) for MemManage_Handler
    startup_stm32f103xe.o(RESET) refers to stm32f1xx_it.o(i.BusFault_Handler) for BusFault_Handler
    startup_stm32f103xe.o(RESET) refers to stm32f1xx_it.o(i.UsageFault_Handler) for UsageFault_Handler
    startup_stm32f103xe.o(RESET) refers to stm32f1xx_it.o(i.SVC_Handler) for SVC_Handler
    startup_stm32f103xe.o(RESET) refers to stm32f1xx_it.o(i.DebugMon_Handler) for DebugMon_Handler
    startup_stm32f103xe.o(RESET) refers to stm32f1xx_it.o(i.PendSV_Handler) for PendSV_Handler
    startup_stm32f103xe.o(RESET) refers to stm32f1xx_it.o(i.SysTick_Handler) for SysTick_Handler
    startup_stm32f103xe.o(RESET) refers to stm32f1xx_it.o(i.DMA1_Channel2_IRQHandler) for DMA1_Channel2_IRQHandler
    startup_stm32f103xe.o(RESET) refers to stm32f1xx_it.o(i.DMA1_Channel3_IRQHandler) for DMA1_Channel3_IRQHandler
    startup_stm32f103xe.o(RESET) refers to stm32f1xx_it.o(i.DMA1_Channel4_IRQHandler) for DMA1_Channel4_IRQHandler
    startup_stm32f103xe.o(RESET) refers to stm32f1xx_it.o(i.DMA1_Channel5_IRQHandler) for DMA1_Channel5_IRQHandler
    startup_stm32f103xe.o(RESET) refers to stm32f1xx_it.o(i.TIM2_IRQHandler) for TIM2_IRQHandler
    startup_stm32f103xe.o(RESET) refers to stm32f1xx_it.o(i.USART1_IRQHandler) for USART1_IRQHandler
    startup_stm32f103xe.o(RESET) refers to stm32f1xx_it.o(i.USART3_IRQHandler) for USART3_IRQHandler
    startup_stm32f103xe.o(.text) refers to system_stm32f1xx.o(i.SystemInit) for SystemInit
    startup_stm32f103xe.o(.text) refers to entry.o(.ARM.Collect$$$$00000000) for __main
    main.o(i.SystemClock_Config) refers to memseta.o(.text) for __aeabi_memclr4
    main.o(i.SystemClock_Config) refers to stm32f1xx_hal_rcc.o(i.HAL_RCC_OscConfig) for HAL_RCC_OscConfig
    main.o(i.SystemClock_Config) refers to stm32f1xx_hal_rcc.o(i.HAL_RCC_ClockConfig) for HAL_RCC_ClockConfig
    main.o(i.main) refers to stm32f1xx_hal.o(i.HAL_Init) for HAL_Init
    main.o(i.main) refers to main.o(i.SystemClock_Config) for SystemClock_Config
    main.o(i.main) refers to gpio.o(i.MX_GPIO_Init) for MX_GPIO_Init
    main.o(i.main) refers to dma.o(i.MX_DMA_Init) for MX_DMA_Init
    main.o(i.main) refers to tim.o(i.MX_TIM3_Init) for MX_TIM3_Init
    main.o(i.main) refers to usart.o(i.MX_USART3_UART_Init) for MX_USART3_UART_Init
    main.o(i.main) refers to usart.o(i.MX_USART1_UART_Init) for MX_USART1_UART_Init
    main.o(i.main) refers to tim.o(i.MX_TIM1_Init) for MX_TIM1_Init
    main.o(i.main) refers to tim.o(i.MX_TIM2_Init) for MX_TIM2_Init
    main.o(i.main) refers to oled.o(i.OLED_Init) for OLED_Init
    main.o(i.main) refers to oled.o(i.OLED_Clear) for OLED_Clear
    main.o(i.main) refers to time.o(i.timer_init) for timer_init
    main.o(i.main) refers to stm32f1xx_hal_uart.o(i.HAL_UARTEx_ReceiveToIdle_DMA) for HAL_UARTEx_ReceiveToIdle_DMA
    main.o(i.main) refers to stm32f1xx_hal_gpio.o(i.HAL_GPIO_WritePin) for HAL_GPIO_WritePin
    main.o(i.main) refers to printfa.o(i.__0printf) for __2printf
    main.o(i.main) refers to oled.o(i.OLED_ShowString) for OLED_ShowString
    main.o(i.main) refers to oled.o(i.OLED_Showfloat) for OLED_Showfloat
    main.o(i.main) refers to oled.o(i.OLED_ShowNum) for OLED_ShowNum
    main.o(i.main) refers to oled.o(i.OLED_Refresh) for OLED_Refresh
    main.o(i.main) refers to dma_serial.o(.bss) for xUart1
    main.o(i.main) refers to usart.o(.bss) for huart1
    main.o(i.main) refers to time.o(.data) for time1
    gpio.o(i.MX_GPIO_Init) refers to stm32f1xx_hal_gpio.o(i.HAL_GPIO_WritePin) for HAL_GPIO_WritePin
    gpio.o(i.MX_GPIO_Init) refers to stm32f1xx_hal_gpio.o(i.HAL_GPIO_Init) for HAL_GPIO_Init
    dma.o(i.MX_DMA_Init) refers to stm32f1xx_hal_cortex.o(i.HAL_NVIC_SetPriority) for HAL_NVIC_SetPriority
    dma.o(i.MX_DMA_Init) refers to stm32f1xx_hal_cortex.o(i.HAL_NVIC_EnableIRQ) for HAL_NVIC_EnableIRQ
    tim.o(i.HAL_TIM_Base_MspDeInit) refers to stm32f1xx_hal_cortex.o(i.HAL_NVIC_DisableIRQ) for HAL_NVIC_DisableIRQ
    tim.o(i.HAL_TIM_Base_MspInit) refers to stm32f1xx_hal_cortex.o(i.HAL_NVIC_SetPriority) for HAL_NVIC_SetPriority
    tim.o(i.HAL_TIM_Base_MspInit) refers to stm32f1xx_hal_cortex.o(i.HAL_NVIC_EnableIRQ) for HAL_NVIC_EnableIRQ
    tim.o(i.HAL_TIM_MspPostInit) refers to stm32f1xx_hal_gpio.o(i.HAL_GPIO_Init) for HAL_GPIO_Init
    tim.o(i.MX_TIM1_Init) refers to stm32f1xx_hal_tim.o(i.HAL_TIM_Base_Init) for HAL_TIM_Base_Init
[...]
    Removing stm32f1xx_hal_flash.o(i.HAL_FLASH_OperationErrorCallback), (2 bytes).
    Removing stm32f1xx_hal_flash.o(i.HAL_FLASH_Program), (128 bytes).
    Removing stm32f1xx_hal_flash.o(i.HAL_FLASH_Program_IT), (100 bytes).
    Removing stm32f1xx_hal_flash.o(i.HAL_FLASH_Unlock), (40 bytes).
    Removing stm32f1xx_hal_flash.o(.bss), (32 bytes).
    Removing stm32f1xx_hal_flash_ex.o(.rev16_text), (4 bytes).
    Removing stm32f1xx_hal_flash_ex.o(.revsh_text), (4 bytes).
    Removing stm32f1xx_hal_flash_ex.o(.rrx_text), (6 bytes).
    Removing stm32f1xx_hal_flash_ex.o(i.FLASH_MassErase), (36 bytes).
    Removing stm32f1xx_hal_flash_ex.o(i.FLASH_OB_DisableWRP), (176 bytes).
    Removing stm32f1xx_hal_flash_ex.o(i.FLASH_OB_EnableWRP), (176 bytes).
    Removing stm32f1xx_hal_flash_ex.o(i.FLASH_OB_GetRDP), (24 bytes).
    Removing stm32f1xx_hal_flash_ex.o(i.FLASH_OB_RDP_LevelConfig), (100 bytes).
    Removing stm32f1xx_hal_flash_ex.o(i.FLASH_PageErase), (36 bytes).
    Removing stm32f1xx_hal_flash_ex.o(i.HAL_FLASHEx_Erase), (168 bytes).
    Removing stm32f1xx_hal_flash_ex.o(i.HAL_FLASHEx_Erase_IT), (84 bytes).
    Removing stm32f1xx_hal_flash_ex.o(i.HAL_FLASHEx_OBErase), (84 bytes).
    Removing stm32f1xx_hal_flash_ex.o(i.HAL_FLASHEx_OBGetConfig), (36 bytes).
    Removing stm32f1xx_hal_flash_ex.o(i.HAL_FLASHEx_OBGetUserData), (32 bytes).
    Removing stm32f1xx_hal_flash_ex.o(i.HAL_FLASHEx_OBProgram), (200 bytes).
    Removing stm32f1xx_hal_exti.o(.rev16_text), (4 bytes).
    Removing stm32f1xx_hal_exti.o(.revsh_text), (4 bytes).
    Removing stm32f1xx_hal_exti.o(.rrx_text), (6 bytes).
    Removing stm32f1xx_hal_exti.o(i.HAL_EXTI_ClearConfigLine), (104 bytes).
    Removing stm32f1xx_hal_exti.o(i.HAL_EXTI_ClearPending), (20 bytes).
    Removing stm32f1xx_hal_exti.o(i.HAL_EXTI_GenerateSWI), (20 bytes).
    Removing stm32f1xx_hal_exti.o(i.HAL_EXTI_GetConfigLine), (140 bytes).
    Removing stm32f1xx_hal_exti.o(i.HAL_EXTI_GetHandle), (12 bytes).
    Removing stm32f1xx_hal_exti.o(i.HAL_EXTI_GetPending), (24 bytes).
    Removing stm32f1xx_hal_exti.o(i.HAL_EXTI_IRQHandler), (36 bytes).
    Removing stm32f1xx_hal_exti.o(i.HAL_EXTI_RegisterCallback), (14 bytes).
    Removing stm32f1xx_hal_exti.o(i.HAL_EXTI_SetConfigLine), (164 bytes).
    Removing stm32f1xx_hal_uart.o(.rev16_text), (4 bytes).
    Removing stm32f1xx_hal_uart.o(.revsh_text), (4 bytes).
    Removing stm32f1xx_hal_uart.o(.rrx_text), (6 bytes).
    Removing stm32f1xx_hal_uart.o(i.HAL_HalfDuplex_EnableReceiver), (50 bytes).
    Removing stm32f1xx_hal_uart.o(i.HAL_HalfDuplex_EnableTransmitter), (50 bytes).
    Removing stm32f1xx_hal_uart.o(i.HAL_HalfDuplex_Init), (110 bytes).
    Removing stm32f1xx_hal_uart.o(i.HAL_LIN_Init), (130 bytes).
    Removing stm32f1xx_hal_uart.o(i.HAL_LIN_SendBreak), (60 bytes).
    Removing stm32f1xx_hal_uart.o(i.HAL_MultiProcessor_EnterMuteMode), (62 bytes).
    Removing stm32f1xx_hal_uart.o(i.HAL_MultiProcessor_ExitMuteMode), (62 bytes).
    Removing stm32f1xx_hal_uart.o(i.HAL_MultiProcessor_Init), (144 bytes).
    Removing stm32f1xx_hal_uart.o(i.HAL_UARTEx_GetRxEventType), (4 bytes).
    Removing stm32f1xx_hal_uart.o(i.HAL_UARTEx_ReceiveToIdle), (240 bytes).
    Removing stm32f1xx_hal_uart.o(i.HAL_UARTEx_ReceiveToIdle_IT), (78 bytes).
    Removing stm32f1xx_hal_uart.o(i.HAL_UARTEx_RxEventCallback), (2 bytes).
    Removing stm32f1xx_hal_uart.o(i.HAL_UART_Abort), (210 bytes).
    Removing stm32f1xx_hal_uart.o(i.HAL_UART_AbortCpltCallback), (2 bytes).
    Removing stm32f1xx_hal_uart.o(i.HAL_UART_AbortReceive), (148 bytes).
    Removing stm32f1xx_hal_uart.o(i.HAL_UART_AbortReceiveCpltCallback), (2 bytes).
    Removing stm32f1xx_hal_uart.o(i.HAL_UART_AbortReceive_IT), (152 bytes).
    Removing stm32f1xx_hal_uart.o(i.HAL_UART_AbortTransmit), (98 bytes).
    Removing stm32f1xx_hal_uart.o(i.HAL_UART_AbortTransmitCpltCallback), (2 bytes).
    Removing stm32f1xx_hal_uart.o(i.HAL_UART_AbortTransmit_IT), (104 bytes).
    Removing stm32f1xx_hal_uart.o(i.HAL_UART_Abort_IT), (244 bytes).
    Removing stm32f1xx_hal_uart.o(i.HAL_UART_DMAPause), (120 bytes).
    Removing stm32f1xx_hal_uart.o(i.HAL_UART_DMAResume), (114 bytes).
    Removing stm32f1xx_hal_uart.o(i.HAL_UART_DMAStop), (112 bytes).
    Removing stm32f1xx_hal_uart.o(i.HAL_UART_DeInit), (54 bytes).
    Removing stm32f1xx_hal_uart.o(i.HAL_UART_GetError), (4 bytes).
    Removing stm32f1xx_hal_uart.o(i.HAL_UART_GetState), (10 bytes).
    Removing stm32f1xx_hal_uart.o(i.HAL_UART_MspDeInit), (2 bytes).
    Removing stm32f1xx_hal_uart.o(i.HAL_UART_MspInit), (2 bytes).
    Removing stm32f1xx_hal_uart.o(i.HAL_UART_Receive), (172 bytes).
    Removing stm32f1xx_hal_uart.o(i.HAL_UART_Receive_DMA), (28 bytes).
    Removing stm32f1xx_hal_uart.o(i.HAL_UART_Receive_IT), (28 bytes).
    Removing stm32f1xx_hal_uart.o(i.HAL_UART_Transmit_DMA), (120 bytes).
    Removing stm32f1xx_hal_uart.o(i.HAL_UART_Transmit_IT), (50 bytes).
    Removing stm32f1xx_hal_uart.o(i.HAL_UART_TxHalfCpltCallback), (2 bytes).
    Removing stm32f1xx_hal_uart.o(i.UART_DMARxAbortCallback), (44 bytes).
    Removing stm32f1xx_hal_uart.o(i.UART_DMARxOnlyAbortCallback), (22 bytes).
    Removing stm32f1xx_hal_uart.o(i.UART_DMATransmitCplt), (66 bytes).
    Removing stm32f1xx_hal_uart.o(i.UART_DMATxAbortCallback), (44 bytes).
    Removing stm32f1xx_hal_uart.o(i.UART_DMATxHalfCplt), (10 bytes).
    Removing stm32f1xx_hal_uart.o(i.UART_DMATxOnlyAbortCallback), (20 bytes).
    Removing stm32f1xx_hal_uart.o(i.UART_Start_Receive_IT), (54 bytes).
    Removing system_stm32f1xx.o(.rev16_text), (4 bytes).
    Removing system_stm32f1xx.o(.revsh_text), (4 bytes).
    Removing system_stm32f1xx.o(.rrx_text), (6 bytes).
    Removing system_stm32f1xx.o(i.SystemCoreClockUpdate), (104 bytes).
    Removing oled.o(.rev16_text), (4 bytes).
    Removing oled.o(.revsh_text), (4 bytes).
    Removing oled.o(.rrx_text), (6 bytes).
    Removing oled.o(i.IIC_delay), (6 bytes).
    Removing oled.o(i.OLED_ColorTurn), (24 bytes).
    Removing oled.o(i.OLED_DisPlay_Off), (30 bytes).
    Removing oled.o(i.OLED_DisPlay_On), (30 bytes).
    Removing oled.o(i.OLED_DisplayTurn), (44 bytes).
    Removing oled.o(i.OLED_DrawCircle), (196 bytes).
    Removing oled.o(i.OLED_DrawLine), (156 bytes).
    Removing oled.o(i.OLED_ScrollDisplay), (152 bytes).
    Removing oled.o(i.OLED_ShowChinese), (208 bytes).
    Removing oled.o(i.OLED_ShowPicture), (156 bytes).
    Removing delay.o(.rev16_text), (4 bytes).
    Removing delay.o(.revsh_text), (4 bytes).
    Removing delay.o(.rrx_text), (6 bytes).
    Removing time.o(.rev16_text), (4 bytes).
    Removing time.o(.revsh_text), (4 bytes).
    Removing time.o(.rrx_text), (6 bytes).
    Removing dma_serial.o(.rev16_text), (4 bytes).
    Removing dma_serial.o(.revsh_text), (4 bytes).
    Removing dma_serial.o(.rrx_text), (6 bytes).
    Removing dma_serial.o(i.Yaw_zero), (24 bytes).
    Removing dma_serial.o(i.data_deal), (132 bytes).
    Removing dma_serial.o(i.processData), (80 bytes).
    Removing dma_serial.o(.bss), (1026 bytes).
    Removing dma_serial.o(.bss), (1026 bytes).
    Removing dma_serial.o(.bss), (1026 bytes).
    Removing dma_serial.o(.bss), (1026 bytes).
    Removing dma_serial.o(.bss), (1026 bytes).
    Removing dma_serial.o(.data), (26 bytes).
    Removing dscalb.o(.text), (46 bytes).
    Removing dflti.o(.text), (34 bytes).
    Removing d2f.o(.text), (56 bytes).
    Removing fepilogue.o(.text), (110 bytes).

400 unused section(s) (total 31840 bytes) removed from the image.

==============================================================================

Image Symbol Table

    Local Symbols

    Symbol Name                              Value     Ov Type        Size  Object(Section)

    ../Core/Src/dma.c                        0x00000000   Number         0  dma.o ABSOLUTE
    ../Core/Src/gpio.c                       0x00000000   Number         0  gpio.o ABSOLUTE
    ../Core/Src/main.c                       0x00000000   Number         0  main.o ABSOLUTE
    ../Core/Src/stm32f1xx_hal_msp.c          0x00000000   Number         0  stm32f1xx_hal_msp.o ABSOLUTE
    ../Core/Src/stm32f1xx_it.c               0x00000000   Number         0  stm32f1xx_it.o ABSOLUTE
    ../Core/Src/system_stm32f1xx.c           0x00000000   Number         0  system_stm32f1xx.o ABSOLUTE
    ../Core/Src/tim.c                        0x00000000   Number         0  tim.o ABSOLUTE
    ../Core/Src/usart.c                      0x00000000   Number         0  usart.o ABSOLUTE
    ../Drivers/STM32F1xx_HAL_Driver/Src/stm32f1xx_hal.c 0x00000000   Number         0  stm32f1xx_hal.o ABSOLUTE
    ../Drivers/STM32F1xx_HAL_Driver/Src/stm32f1xx_hal_cortex.c 0x00000000   Number         0  stm32f1xx_hal_cortex.o ABSOLUTE
    ../Drivers/STM32F1xx_HAL_Driver/Src/stm32f1xx_hal_dma.c 0x00000000   Number         0  stm32f1xx_hal_dma.o ABSOLUTE
    ../Drivers/STM32F1xx_HAL_Driver/Src/stm32f1xx_hal_exti.c 0x00000000   Number         0  stm32f1xx_hal_exti.o ABSOLUTE
    ../Drivers/STM32F1xx_HAL_Driver/Src/stm32f1xx_hal_flash.c 0x00000000   Number         0  stm32f1xx_hal_flash.o ABSOLUTE
    ../Drivers/STM32F1xx_HAL_Driver/Src/stm32f1xx_hal_flash_ex.c 0x00000000   Number         0  stm32f1xx_hal_flash_ex.o ABSOLUTE
    ../Drivers/STM32F1xx_HAL_Driver/Src/stm32f1xx_hal_gpio.c 0x00000000   Number         0  stm32f1xx_hal_gpio.o ABSOLUTE
    ../Drivers/STM32F1xx_HAL_Driver/Src/stm32f1xx_hal_gpio_ex.c 0x00000000   Number         0  stm32f1xx_hal_gpio_ex.o ABSOLUTE
    ../Drivers/STM32F1xx_HAL_Driver/Src/stm32f1xx_hal_pwr.c 0x00000000   Number         0  stm32f1xx_hal_pwr.o ABSOLUTE
    ../Drivers/STM32F1xx_HAL_Driver/Src/stm32f1xx_hal_rcc.c 0x00000000   Number         0  stm32f1xx_hal_rcc.o ABSOLUTE
    ../Drivers/STM32F1xx_HAL_Driver/Src/stm32f1xx_hal_rcc_ex.c 0x00000000   Number         0  stm32f1xx_hal_rcc_ex.o ABSOLUTE
    ../Drivers/STM32F1xx_HAL_Driver/Src/stm32f1xx_hal_tim.c 0x00000000   Number         0  stm32f1xx_hal_tim.o ABSOLUTE
    ../Drivers/STM32F1xx_HAL_Driver/Src/stm32f1xx_hal_tim_ex.c 0x00000000   Number         0  stm32f1xx_hal_tim_ex.o ABSOLUTE
    ../Drivers/STM32F1xx_HAL_Driver/Src/stm32f1xx_hal_uart.c 0x00000000   Number         0  stm32f1xx_hal_uart.o ABSOLUTE
    ../clib/microlib/division.c              0x00000000   Number         0  uldiv.o ABSOLUTE
    ../clib/microlib/division.c              0x00000000   Number         0  uidiv.o ABSOLUTE
    ../clib/microlib/init/entry.s            0x00000000   Number         0  entry7a.o ABSOLUTE
    ../clib/microlib/init/entry.s            0x00000000   Number         0  entry8a.o ABSOLUTE
    ../clib/microlib/init/entry.s            0x00000000   Number         0  entry8b.o ABSOLUTE
    ../clib/microlib/init/entry.s            0x00000000   Number         0  entry9a.o ABSOLUTE
    ../clib/microlib/init/entry.s            0x00000000   Number         0  entry2.o ABSOLUTE
    ../clib/microlib/init/entry.s            0x00000000   Number         0  entry9b.o ABSOLUTE
    ../clib/microlib/init/entry.s            0x00000000   Number         0  entry7b.o ABSOLUTE
    ../clib/microlib/init/entry.s            0x00000000   Number         0  entry11b.o ABSOLUTE
    ../clib/microlib/init/entry.s            0x00000000   Number         0  entry10a.o ABSOLUTE
    ../clib/microlib/init/entry.s            0x00000000   Number         0  entry11a.o ABSOLUTE
    ../clib/microlib/init/entry.s            0x00000000   Number         0  entry10b.o ABSOLUTE
    ../clib/microlib/init/entry.s            0x00000000   Number         0  entry5.o ABSOLUTE
    ../clib/microlib/init/entry.s            0x00000000   Number         0  entry.o ABSOLUTE
    ../clib/microlib/longlong.c              0x00000000   Number         0  llsshr.o ABSOLUTE
    ../clib/microlib/longlong.c              0x00000000   Number         0  llushr.o ABSOLUTE
    ../clib/microlib/longlong.c              0x00000000   Number         0  llshl.o ABSOLUTE
    ../clib/microlib/printf/printf.c         0x00000000   Number         0  printf2.o ABSOLUTE
    ../clib/microlib/printf/printf.c         0x00000000   Number         0  printf1.o ABSOLUTE
    ../clib/microlib/printf/printf.c         0x00000000   Number         0  printf0.o ABSOLUTE
    ../clib/microlib/printf/printf.c         0x00000000   Number         0  printfb.o ABSOLUTE
    ../clib/microlib/printf/printf.c         0x00000000   Number         0  printf6.o ABSOLUTE
    ../clib/microlib/printf/printf.c         0x00000000   Number         0  printfa.o ABSOLUTE
    ../clib/microlib/printf/printf.c         0x00000000   Number         0  printf8.o ABSOLUTE
    ../clib/microlib/printf/printf.c         0x00000000   Number         0  printf7.o ABSOLUTE
    ../clib/microlib/printf/printf.c         0x00000000   Number         0  printf5.o ABSOLUTE
    ../clib/microlib/printf/printf.c         0x00000000   Number         0  printf4.o ABSOLUTE
    ../clib/microlib/printf/printf.c         0x00000000   Number         0  printf3.o ABSOLUTE
    ../clib/microlib/printf/stubs.s          0x00000000   Number         0  stubs.o ABSOLUTE
    ../clib/microlib/string/memcpy.c         0x00000000   Number         0  memcpya.o ABSOLUTE
    ../clib/microlib/string/memcpy.c         0x00000000   Number         0  memcpyb.o ABSOLUTE
    ../clib/microlib/string/memset.c         0x00000000   Number         0  memseta.o ABSOLUTE
    ../clib/microlib/stubs.s                 0x00000000   Number         0  iusefp.o ABSOLUTE
    ../clib/microlib/stubs.s                 0x00000000   Number         0  useno.o ABSOLUTE
    ../fplib/microlib/d2f.c                  0x00000000   Number         0  d2f.o ABSOLUTE
    ../fplib/microlib/f2d.c                  0x00000000   Number         0  f2d.o ABSOLUTE
    ../fplib/microlib/fpadd.c                0x00000000   Number         0  dadd.o ABSOLUTE
    ../fplib/microlib/fpdiv.c                0x00000000   Number         0  ddiv.o ABSOLUTE
    ../fplib/microlib/fpepilogue.c           0x00000000   Number         0  depilogue.o ABSOLUTE
    ../fplib/microlib/fpepilogue.c           0x00000000   Number         0  fepilogue.o ABSOLUTE
    ../fplib/microlib/fpfix.c                0x00000000   Number         0  dfixul.o ABSOLUTE
    ../fplib/microlib/fpflt.c                0x00000000   Number         0  dflti.o ABSOLUTE
    ../fplib/microlib/fpmul.c                0x00000000   Number         0  dmul.o ABSOLUTE
    ../fplib/microlib/fpscalb.c              0x00000000   Number         0  dscalb.o ABSOLUTE
    ..\Core\Src\dma.c                        0x00000000   Number         0  dma.o ABSOLUTE
    ..\Core\Src\gpio.c                       0x00000000   Number         0  gpio.o ABSOLUTE
    ..\Core\Src\main.c                       0x00000000   Number         0  main.o ABSOLUTE
    ..\Core\Src\stm32f1xx_hal_msp.c          0x00000000   Number         0  stm32f1xx_hal_msp.o ABSOLUTE
    ..\Core\Src\stm32f1xx_it.c               0x00000000   Number         0  stm32f1xx_it.o ABSOLUTE
    ..\Core\Src\system_stm32f1xx.c           0x00000000   Number         0  system_stm32f1xx.o ABSOLUTE
    ..\Core\Src\tim.c                        0x00000000   Number         0  tim.o ABSOLUTE
    ..\Core\Src\usart.c                      0x00000000   Number         0  usart.o ABSOLUTE
    ..\DMA_DATA\Dma_Serial.c                 0x00000000   Number         0  dma_serial.o ABSOLUTE
    ..\Delay\delay.c                         0x00000000   Number         0  delay.o ABSOLUTE
    ..\Drivers\STM32F1xx_HAL_Driver\Src\stm32f1xx_hal.c 0x00000000   Number         0  stm32f1xx_hal.o ABSOLUTE
    ..\Drivers\STM32F1xx_HAL_Driver\Src\stm32f1xx_hal_cortex.c 0x00000000   Number         0  stm32f1xx_hal_cortex.o ABSOLUTE
    ..\Drivers\STM32F1xx_HAL_Driver\Src\stm32f1xx_hal_dma.c 0x00000000   Number         0  stm32f1xx_hal_dma.o ABSOLUTE
    ..\Drivers\STM32F1xx_HAL_Driver\Src\stm32f1xx_hal_exti.c 0x00000000   Number         0  stm32f1xx_hal_exti.o ABSOLUTE
    ..\Drivers\STM32F1xx_HAL_Driver\Src\stm32f1xx_hal_flash.c 0x00000000   Number         0  stm32f1xx_hal_flash.o ABSOLUTE
    ..\Drivers\STM32F1xx_HAL_Driver\Src\stm32f1xx_hal_flash_ex.c 0x00000000   Number         0  stm32f1xx_hal_flash_ex.o ABSOLUTE
    ..\Drivers\STM32F1xx_HAL_Driver\Src\stm32f1xx_hal_gpio.c 0x00000000   Number         0  stm32f1xx_hal_gpio.o ABSOLUTE
    ..\Drivers\STM32F1xx_HAL_Driver\Src\stm32f1xx_hal_gpio_ex.c 0x00000000   Number         0  stm32f1xx_hal_gpio_ex.o ABSOLUTE
    ..\Drivers\STM32F1xx_HAL_Driver\Src\stm32f1xx_hal_pwr.c 0x00000000   Number         0  stm32f1xx_hal_pwr.o ABSOLUTE
    ..\Drivers\STM32F1xx_HAL_Driver\Src\stm32f1xx_hal_rcc.c 0x00000000   Number         0  stm32f1xx_hal_rcc.o ABSOLUTE
    ..\Drivers\STM32F1xx_HAL_Driver\Src\stm32f1xx_hal_rcc_ex.c 0x00000000   Number         0  stm32f1xx_hal_rcc_ex.o ABSOLUTE
    ..\Drivers\STM32F1xx_HAL_Driver\Src\stm32f1xx_hal_tim.c 0x00000000   Number         0  stm32f1xx_hal_tim.o ABSOLUTE
    ..\Drivers\STM32F1xx_HAL_Driver\Src\stm32f1xx_hal_tim_ex.c 0x00000000   Number         0  stm32f1xx_hal_tim_ex.o ABSOLUTE
    ..\Drivers\STM32F1xx_HAL_Driver\Src\stm32f1xx_hal_uart.c 0x00000000   Number         0  stm32f1xx_hal_uart.o ABSOLUTE
    ..\Hardware\OLED.c                       0x00000000   Number         0  oled.o ABSOLUTE
    ..\Timer\time.c                          0x00000000   Number         0  time.o ABSOLUTE
    ..\\DMA_DATA\\Dma_Serial.c               0x00000000   Number         0  dma_serial.o ABSOLUTE
    ..\\Delay\\delay.c                       0x00000000   Number         0  delay.o ABSOLUTE
    ..\\Hardware\\OLED.c                     0x00000000   Number         0  oled.o ABSOLUTE
    ..\\Timer\\time.c                        0x00000000   Number         0  time.o ABSOLUTE
    cdrcmple.s                               0x00000000   Number         0  cdrcmple.o ABSOLUTE
    dc.s                                     0x00000000   Number         0  dc.o ABSOLUTE
    handlers.s                               0x00000000   Number         0  handlers.o ABSOLUTE
    init.s                                   0x00000000   Number         0  init.o ABSOLUTE
    startup_stm32f103xe.s                    0x00000000   Number         0  startup_stm32f103xe.o ABSOLUTE
    RESET                                    0x08000000   Section      304  startup_stm32f103xe.o(RESET)
    .ARM.Collect$$$$00000000                 0x08000130   Section        0  entry.o(.ARM.Collect$$$$00000000)
    .ARM.Collect$$$$00000001                 0x08000130   Section        4  entry2.o(.ARM.Collect$$$$00000001)
    .ARM.Collect$$$$00000004                 0x08000134   Section        4  entry5.o(.ARM.Collect$$$$00000004)
    .ARM.Collect$$$$00000008                 0x08000138   Section        0  entry7b.o(.ARM.Collect$$$$00000008)
    .ARM.Collect$$$$0000000A                 0x08000138   Section        0  entry8b.o(.ARM.Collect$$$$0000000A)
    .ARM.Collect$$$$0000000B                 0x08000138   Section        8  entry9a.o(.ARM.Collect$$$$0000000B)
    .ARM.Collect$$$$0000000D                 0x08000140   Section        0  entry10a.o(.ARM.Collect$$$$0000000D)
    .ARM.Collect$$$$0000000F                 0x08000140   Section        0  entry11a.o(.ARM.Collect$$$$0000000F)
    .ARM.Collect$$$$00002712                 0x08000140   Section        4  entry2.o(.ARM.Collect$$$$00002712)
    __lit__00000000                          0x08000140   Data           4  entry2.o(.ARM.Collect$$$$00002712)
    .text                                    0x08000144   Section       36  startup_stm32f103xe.o(.text)
    .text                                    0x08000168   Section        0  llushr.o(.text)
    .text                                    0x08000188   Section        0  memcpya.o(.text)
    .text                                    0x080001ac   Section        0  memseta.o(.text)
    .text                                    0x080001d0   Section        0  dmul.o(.text)
    .text                                    0x080002b4   Section        0  f2d.o(.text)
    .text                                    0x080002da   Section        0  uidiv.o(.text)
    .text                                    0x08000306   Section        0  uldiv.o(.text)
    .text                                    0x08000368   Section        0  iusefp.o(.text)
    .text                                    0x08000368   Section        0  depilogue.o(.text)
    .text                                    0x08000422   Section        0  dadd.o(.text)
    .text                                    0x08000570   Section        0  ddiv.o(.text)
    .text                                    0x0800064e   Section        0  dfixul.o(.text)
    .text                                    0x08000680   Section       48  cdrcmple.o(.text)
    .text                                    0x080006b0   Section       36  init.o(.text)
    .text                                    0x080006d4   Section        0  llshl.o(.text)
    .text                                    0x080006f2   Section        0  llsshr.o(.text)
    i.BusFault_Handler                       0x08000716   Section        0  stm32f1xx_it.o(i.BusFault_Handler)
    i.DMA1_Channel2_IRQHandler               0x08000718   Section        0  stm32f1xx_it.o(i.DMA1_Channel2_IRQHandler)
    i.DMA1_Channel3_IRQHandler               0x08000724   Section        0  stm32f1xx_it.o(i.DMA1_Channel3_IRQHandler)
    i.DMA1_Channel4_IRQHandler               0x08000730   Section        0  stm32f1xx_it.o(i.DMA1_Channel4_IRQHandler)
    i.DMA1_Channel5_IRQHandler               0x0800073c   Section        0  stm32f1xx_it.o(i.DMA1_Channel5_IRQHandler)
    i.DMA_SetConfig                          0x08000748   Section        0  stm32f1xx_hal_dma.o(i.DMA_SetConfig)
    DMA_SetConfig                            0x08000749   Thumb Code    42  stm32f1xx_hal_dma.o(i.DMA_SetConfig)
    i.DebugMon_Handler                       0x08000772   Section        0  stm32f1xx_it.o(i.DebugMon_Handler)
    i.Error_Handler                          0x08000774   Section        0  main.o(i.Error_Handler)
    i.HAL_DMA_Abort                          0x08000778   Section        0  stm32f1xx_hal_dma.o(i.HAL_DMA_Abort)
    i.HAL_DMA_Abort_IT                       0x080007c0   Section        0  stm32f1xx_hal_dma.o(i.HAL_DMA_Abort_IT)
    i.HAL_DMA_IRQHandler                     0x080008f0   Section        0  stm32f1xx_hal_dma.o(i.HAL_DMA_IRQHandler)
    i.HAL_DMA_Init                           0x08000b38   Section        0  stm32f1xx_hal_dma.o(i.HAL_DMA_Init)
    i.HAL_DMA_Start_IT                       0x08000bb4   Section        0  stm32f1xx_hal_dma.o(i.HAL_DMA_Start_IT)
    i.HAL_GPIO_Init                          0x08000c24   Section        0  stm32f1xx_hal_gpio.o(i.HAL_GPIO_Init)
    i.HAL_GPIO_WritePin                      0x08000e1c   Section        0  stm32f1xx_hal_gpio.o(i.HAL_GPIO_WritePin)
    i.HAL_GetTick                            0x08000e28   Section        0  stm32f1xx_hal.o(i.HAL_GetTick)
    i.HAL_IncTick                            0x08000e34   Section        0  stm32f1xx_hal.o(i.HAL_IncTick)
    i.HAL_Init                               0x08000e44   Section        0  stm32f1xx_hal.o(i.HAL_Init)
    i.HAL_InitTick                           0x08000e68   Section        0  stm32f1xx_hal.o(i.HAL_InitTick)
    i.HAL_MspInit                            0x08000ea8   Section        0  stm32f1xx_hal_msp.o(i.HAL_MspInit)
    i.HAL_NVIC_EnableIRQ                     0x08000ee4   Section        0  stm32f1xx_hal_cortex.o(i.HAL_NVIC_EnableIRQ)
    i.HAL_NVIC_SetPriority                   0x08000f00   Section        0  stm32f1xx_hal_cortex.o(i.HAL_NVIC_SetPriority)
    i.HAL_NVIC_SetPriorityGrouping           0x08000f40   Section        0  stm32f1xx_hal_cortex.o(i.HAL_NVIC_SetPriorityGrouping)
    i.HAL_RCC_ClockConfig                    0x08000f64   Section        0  stm32f1xx_hal_rcc.o(i.HAL_RCC_ClockConfig)
    i.HAL_RCC_GetPCLK1Freq                   0x08001090   Section        0  stm32f1xx_hal_rcc.o(i.HAL_RCC_GetPCLK1Freq)
    i.HAL_RCC_GetPCLK2Freq                   0x080010b0   Section        0  stm32f1xx_hal_rcc.o(i.HAL_RCC_GetPCLK2Freq)
    i.HAL_RCC_GetSysClockFreq                0x080010d0   Section        0  stm32f1xx_hal_rcc.o(i.HAL_RCC_GetSysClockFreq)
    i.HAL_RCC_OscConfig                      0x0800111c   Section        0  stm32f1xx_hal_rcc.o(i.HAL_RCC_OscConfig)
    i.HAL_SYSTICK_Config                     0x0800143c   Section        0  stm32f1xx_hal_cortex.o(i.HAL_SYSTICK_Config)
    i.HAL_TIMEx_BreakCallback                0x08001464   Section        0  stm32f1xx_hal_tim_ex.o(i.HAL_TIMEx_BreakCallback)
    i.HAL_TIMEx_CommutCallback               0x08001466   Section        0  stm32f1xx_hal_tim_ex.o(i.HAL_TIMEx_CommutCallback)
    i.HAL_TIMEx_MasterConfigSynchronization  0x08001468   Section        0  stm32f1xx_hal_tim_ex.o(i.HAL_TIMEx_MasterConfigSynchronization)
    i.HAL_TIM_Base_Init                      0x080014e4   Section        0  stm32f1xx_hal_tim.o(i.HAL_TIM_Base_Init)
    i.HAL_TIM_Base_MspInit                   0x08001540   Section        0  tim.o(i.HAL_TIM_Base_MspInit)
    i.HAL_TIM_Base_Start_IT                  0x080015ac   Section        0  stm32f1xx_hal_tim.o(i.HAL_TIM_Base_Start_IT)
    i.HAL_TIM_ConfigClockSource              0x08001618   Section        0  stm32f1xx_hal_tim.o(i.HAL_TIM_ConfigClockSource)
    i.HAL_TIM_IC_CaptureCallback             0x080016f4   Section        0  stm32f1xx_hal_tim.o(i.HAL_TIM_IC_CaptureCallback)
    i.HAL_TIM_IRQHandler                     0x080016f6   Section        0  stm32f1xx_hal_tim.o(i.HAL_TIM_IRQHandler)
    i.HAL_TIM_MspPostInit                    0x0800185c   Section        0  tim.o(i.HAL_TIM_MspPostInit)
    i.HAL_TIM_OC_DelayElapsedCallback        0x080018a8   Section        0  stm32f1xx_hal_tim.o(i.HAL_TIM_OC_DelayElapsedCallback)
    i.HAL_TIM_PWM_ConfigChannel              0x080018aa   Section        0  stm32f1xx_hal_tim.o(i.HAL_TIM_PWM_ConfigChannel)
    i.HAL_TIM_PWM_Init                       0x08001976   Section        0  stm32f1xx_hal_tim.o(i.HAL_TIM_PWM_Init)
    i.HAL_TIM_PWM_MspInit                    0x080019d0   Section        0  stm32f1xx_hal_tim.o(i.HAL_TIM_PWM_MspInit)
    i.HAL_TIM_PWM_PulseFinishedCallback      0x080019d2   Section        0  stm32f1xx_hal_tim.o(i.HAL_TIM_PWM_PulseFinishedCallback)
    i.HAL_TIM_PWM_Start                      0x080019d4   Section        0  stm32f1xx_hal_tim.o(i.HAL_TIM_PWM_Start)
    i.HAL_TIM_PeriodElapsedCallback          0x08001a88   Section        0  time.o(i.HAL_TIM_PeriodElapsedCallback)
    i.HAL_TIM_TriggerCallback                0x08001aa0   Section        0  stm32f1xx_hal_tim.o(i.HAL_TIM_TriggerCallback)
    i.HAL_UARTEx_ReceiveToIdle_DMA           0x08001aa2   Section        0  stm32f1xx_hal_uart.o(i.HAL_UARTEx_ReceiveToIdle_DMA)
    i.HAL_UARTEx_RxEventCallback             0x08001af0   Section        0  dma_serial.o(i.HAL_UARTEx_RxEventCallback)
    i.HAL_UART_ErrorCallback                 0x08001b38   Section        0  stm32f1xx_hal_uart.o(i.HAL_UART_ErrorCallback)
    i.HAL_UART_IRQHandler                    0x08001b3c   Section        0  stm32f1xx_hal_uart.o(i.HAL_UART_IRQHandler)
    i.HAL_UART_Init                          0x08001da8   Section        0  stm32f1xx_hal_uart.o(i.HAL_UART_Init)
    i.HAL_UART_MspInit                       0x08001e0c   Section        0  usart.o(i.HAL_UART_MspInit)
    i.HAL_UART_RxCpltCallback                0x08001fa8   Section        0  stm32f1xx_hal_uart.o(i.HAL_UART_RxCpltCallback)
    i.HAL_UART_RxHalfCpltCallback            0x08001faa   Section        0  stm32f1xx_hal_uart.o(i.HAL_UART_RxHalfCpltCallback)
    i.HAL_UART_Transmit                      0x08001fac   Section        0  stm32f1xx_hal_uart.o(i.HAL_UART_Transmit)
    i.HAL_UART_TxCpltCallback                0x08002046   Section        0  stm32f1xx_hal_uart.o(i.HAL_UART_TxCpltCallback)
    i.HardFault_Handler                      0x08002048   Section        0  stm32f1xx_it.o(i.HardFault_Handler)
    i.I2C_Start                              0x0800204c   Section        0  oled.o(i.I2C_Start)
    i.I2C_Stop                               0x08002098   Section        0  oled.o(i.I2C_Stop)
    i.I2C_WaitAck                            0x080020cc   Section        0  oled.o(i.I2C_WaitAck)
    i.MX_DMA_Init                            0x0800210c   Section        0  dma.o(i.MX_DMA_Init)
    i.MX_GPIO_Init                           0x08002168   Section        0  gpio.o(i.MX_GPIO_Init)
    i.MX_TIM1_Init                           0x08002214   Section        0  tim.o(i.MX_TIM1_Init)
    i.MX_TIM2_Init                           0x0800227c   Section        0  tim.o(i.MX_TIM2_Init)
    i.MX_TIM3_Init                           0x080022e4   Section        0  tim.o(i.MX_TIM3_Init)
    i.MX_USART1_UART_Init                    0x08002394   Section        0  usart.o(i.MX_USART1_UART_Init)
    i.MX_USART3_UART_Init                    0x080023cc   Section        0  usart.o(i.MX_USART3_UART_Init)
    i.MemManage_Handler                      0x08002404   Section        0  stm32f1xx_it.o(i.MemManage_Handler)
    i.NMI_Handler                            0x08002406   Section        0  stm32f1xx_it.o(i.NMI_Handler)
    i.OLED_Clear                             0x08002408   Section        0  oled.o(i.OLED_Clear)
    i.OLED_DrawPoint                         0x08002434   Section        0  oled.o(i.OLED_DrawPoint)
    i.OLED_Init                              0x08002460   Section        0  oled.o(i.OLED_Init)
    i.OLED_Pow                               0x0800254a   Section        0  oled.o(i.OLED_Pow)
    i.OLED_Refresh                           0x0800255c   Section        0  oled.o(i.OLED_Refresh)
    i.OLED_ShowChar                          0x080025c4   Section        0  oled.o(i.OLED_ShowChar)
    i.OLED_ShowNum                           0x080026a8   Section        0  oled.o(i.OLED_ShowNum)
    i.OLED_ShowString                        0x08002716   Section        0  oled.o(i.OLED_ShowString)
    i.OLED_Showfloat                         0x08002754   Section        0  oled.o(i.OLED_Showfloat)
    i.OLED_WR_Byte                           0x0800278c   Section        0  oled.o(i.OLED_WR_Byte)
    i.PendSV_Handler                         0x080027c2   Section        0  stm32f1xx_it.o(i.PendSV_Handler)
    i.SVC_Handler                            0x080027c4   Section        0  stm32f1xx_it.o(i.SVC_Handler)
    i.Send_Byte                              0x080027c8   Section        0  oled.o(i.Send_Byte)
    i.SysTick_Handler                        0x08002820   Section        0  stm32f1xx_it.o(i.SysTick_Handler)
    i.SystemClock_Config                     0x08002824   Section        0  main.o(i.SystemClock_Config)
    i.SystemInit                             0x08002882   Section        0  system_stm32f1xx.o(i.SystemInit)
    i.TIM2_IRQHandler                        0x08002884   Section        0  stm32f1xx_it.o(i.TIM2_IRQHandler)
    i.TIM_Base_SetConfig                     0x08002890   Section        0  stm32f1xx_hal_tim.o(i.TIM_Base_SetConfig)
    i.TIM_CCxChannelCmd                      0x0800291c   Section        0  stm32f1xx_hal_tim.o(i.TIM_CCxChannelCmd)
    i.TIM_ETR_SetConfig                      0x08002936   Section        0  stm32f1xx_hal_tim.o(i.TIM_ETR_SetConfig)
    i.TIM_ITRx_SetConfig                     0x0800294a   Section        0  stm32f1xx_hal_tim.o(i.TIM_ITRx_SetConfig)
    TIM_ITRx_SetConfig                       0x0800294b   Thumb Code    16  stm32f1xx_hal_tim.o(i.TIM_ITRx_SetConfig)
    i.TIM_OC1_SetConfig                      0x0800295c   Section        0  stm32f1xx_hal_tim.o(i.TIM_OC1_SetConfig)
    TIM_OC1_SetConfig                        0x0800295d   Thumb Code    88  stm32f1xx_hal_tim.o(i.TIM_OC1_SetConfig)
    i.TIM_OC2_SetConfig                      0x080029bc   Section        0  stm32f1xx_hal_tim.o(i.TIM_OC2_SetConfig)
    i.TIM_OC3_SetConfig                      0x08002a28   Section        0  stm32f1xx_hal_tim.o(i.TIM_OC3_SetConfig)
    TIM_OC3_SetConfig                        0x08002a29   Thumb Code    96  stm32f1xx_hal_tim.o(i.TIM_OC3_SetConfig)
    i.TIM_OC4_SetConfig                      0x08002a90   Section        0  stm32f1xx_hal_tim.o(i.TIM_OC4_SetConfig)
    TIM_OC4_SetConfig                        0x08002a91   Thumb Code    70  stm32f1xx_hal_tim.o(i.TIM_OC4_SetConfig)
    i.TIM_TI1_ConfigInputStage               0x08002ae0   Section        0  stm32f1xx_hal_tim.o(i.TIM_TI1_ConfigInputStage)
    TIM_TI1_ConfigInputStage                 0x08002ae1   Thumb Code    34  stm32f1xx_hal_tim.o(i.TIM_TI1_ConfigInputStage)
    i.TIM_TI2_ConfigInputStage               0x08002b02   Section        0  stm32f1xx_hal_tim.o(i.TIM_TI2_ConfigInputStage)
    TIM_TI2_ConfigInputStage                 0x08002b03   Thumb Code    36  stm32f1xx_hal_tim.o(i.TIM_TI2_ConfigInputStage)
    i.UART_DMAAbortOnError                   0x08002b26   Section        0  stm32f1xx_hal_uart.o(i.UART_DMAAbortOnError)
    UART_DMAAbortOnError                     0x08002b27   Thumb Code    16  stm32f1xx_hal_uart.o(i.UART_DMAAbortOnError)
    i.UART_DMAError                          0x08002b36   Section        0  stm32f1xx_hal_uart.o(i.UART_DMAError)
    UART_DMAError                            0x08002b37   Thumb Code    74  stm32f1xx_hal_uart.o(i.UART_DMAError)
    i.UART_DMAReceiveCplt                    0x08002b80   Section        0  stm32f1xx_hal_uart.o(i.UART_DMAReceiveCplt)
    UART_DMAReceiveCplt                      0x08002b81   Thumb Code   134  stm32f1xx_hal_uart.o(i.UART_DMAReceiveCplt)
    i.UART_DMARxHalfCplt                     0x08002c06   Section        0  stm32f1xx_hal_uart.o(i.UART_DMARxHalfCplt)
    UART_DMARxHalfCplt                       0x08002c07   Thumb Code    30  stm32f1xx_hal_uart.o(i.UART_DMARxHalfCplt)
    i.UART_EndRxTransfer                     0x08002c24   Section        0  stm32f1xx_hal_uart.o(i.UART_EndRxTransfer)
    UART_EndRxTransfer                       0x08002c25   Thumb Code    78  stm32f1xx_hal_uart.o(i.UART_EndRxTransfer)
    i.UART_EndTxTransfer                     0x08002c72   Section        0  stm32f1xx_hal_uart.o(i.UART_EndTxTransfer)
    UART_EndTxTransfer                       0x08002c73   Thumb Code    28  stm32f1xx_hal_uart.o(i.UART_EndTxTransfer)
    i.UART_Receive_IT                        0x08002c8e   Section        0  stm32f1xx_hal_uart.o(i.UART_Receive_IT)
    UART_Receive_IT                          0x08002c8f   Thumb Code   194  stm32f1xx_hal_uart.o(i.UART_Receive_IT)
    i.UART_SetConfig                         0x08002d50   Section        0  stm32f1xx_hal_uart.o(i.UART_SetConfig)
    UART_SetConfig                           0x08002d51   Thumb Code   178  stm32f1xx_hal_uart.o(i.UART_SetConfig)
    i.UART_Start_Receive_DMA                 0x08002e08   Section        0  stm32f1xx_hal_uart.o(i.UART_Start_Receive_DMA)
    i.UART_WaitOnFlagUntilTimeout            0x08002e98   Section        0  stm32f1xx_hal_uart.o(i.UART_WaitOnFlagUntilTimeout)
    UART_WaitOnFlagUntilTimeout              0x08002e99   Thumb Code   120  stm32f1xx_hal_uart.o(i.UART_WaitOnFlagUntilTimeout)
    i.USART1_IRQHandler                      0x08002f10   Section        0  stm32f1xx_it.o(i.USART1_IRQHandler)
    i.USART3_IRQHandler                      0x08002f1c   Section        0  stm32f1xx_it.o(i.USART3_IRQHandler)
    i.UsageFault_Handler                     0x08002f28   Section        0  stm32f1xx_it.o(i.UsageFault_Handler)
    i.__0printf                              0x08002f2c   Section        0  printfa.o(i.__0printf)
    i.__0sprintf                             0x08002f4c   Section        0  printfa.o(i.__0sprintf)
    i.__NVIC_SetPriority                     0x08002f74   Section        0  stm32f1xx_hal_cortex.o(i.__NVIC_SetPriority)
    __NVIC_SetPriority                       0x08002f75   Thumb Code    32  stm32f1xx_hal_cortex.o(i.__NVIC_SetPriority)
    i.__scatterload_copy                     0x08002f94   Section       14  handlers.o(i.__scatterload_copy)
    i.__scatterload_null                     0x08002fa2   Section        2  handlers.o(i.__scatterload_null)
    i.__scatterload_zeroinit                 0x08002fa4   Section       14  handlers.o(i.__scatterload_zeroinit)
    i._fp_digits                             0x08002fb4   Section        0  printfa.o(i._fp_digits)
    _fp_digits                               0x08002fb5   Thumb Code   366  printfa.o(i._fp_digits)
    i._printf_core                           0x08003138   Section        0  printfa.o(i._printf_core)
    _printf_core                             0x08003139   Thumb Code  1744  printfa.o(i._printf_core)
    i._printf_post_padding                   0x08003814   Section        0  printfa.o(i._printf_post_padding)
    _printf_post_padding                     0x08003815   Thumb Code    36  printfa.o(i._printf_post_padding)
    i._printf_pre_padding                    0x08003838   Section        0  printfa.o(i._printf_pre_padding)
    _printf_pre_padding                      0x08003839   Thumb Code    46  printfa.o(i._printf_pre_padding)
    i._sputc                                 0x08003866   Section        0  printfa.o(i._sputc)
    _sputc                                   0x08003867   Thumb Code    10  printfa.o(i._sputc)
    i.delay_us                               0x08003870   Section        0  delay.o(i.delay_us)
    i.fputc                                  0x080038a4   Section        0  usart.o(i.fputc)
    i.main                                   0x080038bc   Section        0  main.o(i.main)
    i.timer_init                             0x08003970   Section        0  time.o(i.timer_init)
    .constdata                               0x0800398c   Section       18  stm32f1xx_hal_rcc.o(.constdata)
    aPredivFactorTable                       0x0800398c   Data           2  stm32f1xx_hal_rcc.o(.constdata)
    aPLLMULFactorTable                       0x0800398e   Data          16  stm32f1xx_hal_rcc.o(.constdata)
    .constdata                               0x0800399e   Section       16  system_stm32f1xx.o(.constdata)
    .constdata                               0x080039ae   Section        8  system_stm32f1xx.o(.constdata)
    .constdata                               0x080039b6   Section     7792  oled.o(.constdata)
    .data                                    0x20000000   Section        4  usart.o(.data)
    .data                                    0x20000004   Section       12  stm32f1xx_hal.o(.data)
    .data                                    0x20000010   Section        4  system_stm32f1xx.o(.data)
    .data                                    0x20000014   Section        4  delay.o(.data)
    .data                                    0x20000018   Section        4  time.o(.data)
    .bss                                     0x2000001c   Section      216  tim.o(.bss)
    .bss                                     0x200000f4   Section      416  usart.o(.bss)
    .bss                                     0x20000294   Section     1152  oled.o(.bss)
    .bss                                     0x20000714   Section     1026  dma_serial.o(.bss)
    STACK                                    0x20000b18   Section     1024  startup_stm32f103xe.o(STACK)

    Global Symbols

    Symbol Name                              Value     Ov Type        Size  Object(Section)

    BuildAttributes$$THM_ISAv4$P$D$K$B$S$PE$A:L22UL41UL21$X:L11$S22US41US21$IEEE1$IW$USESV6$~STKCKD$USESV7$~SHL$OTIME$ROPI$EBA8$MICROLIB$REQ8$PRES8$EABIv2 0x00000000   Number         0  anon$$obj.o ABSOLUTE
    __ARM_use_no_argv                        0x00000000   Number         0  main.o ABSOLUTE
    __use_no_errno                           0x00000000   Number         0  useno.o ABSOLUTE
    __use_no_exception_handling              0x00000000   Number         0  useno.o ABSOLUTE
    __use_no_fp                              0x00000000   Number         0  useno.o ABSOLUTE
    __use_no_heap                            0x00000000   Number         0  useno.o ABSOLUTE
    __use_no_heap_region                     0x00000000   Number         0  useno.o ABSOLUTE
    __use_no_semihosting                     0x00000000   Number         0  useno.o ABSOLUTE
    __use_no_semihosting_swi                 0x00000000   Number         0  useno.o ABSOLUTE
    __use_no_signal_handling                 0x00000000   Number         0  useno.o ABSOLUTE
    _printf_a                                0x00000000   Number         0  stubs.o ABSOLUTE
    _printf_c                                0x00000000   Number         0  stubs.o ABSOLUTE
    _printf_charcount                        0x00000000   Number         0  stubs.o ABSOLUTE
    _printf_d                                0x00000000   Number         0  stubs.o ABSOLUTE
    _printf_e                                0x00000000   Number         0  stubs.o ABSOLUTE
    _printf_f                                0x00000000   Number         0  stubs.o ABSOLUTE
    _printf_flags                            0x00000000   Number         0  stubs.o ABSOLUTE
    _printf_fp_dec                           0x00000000   Number         0  stubs.o ABSOLUTE
    _printf_fp_hex                           0x00000000   Number         0  stubs.o ABSOLUTE
    _printf_g                                0x00000000   Number         0  stubs.o ABSOLUTE
    _printf_i                                0x00000000   Number         0  stubs.o ABSOLUTE
    _printf_int_dec                          0x00000000   Number         0  stubs.o ABSOLUTE
    _printf_l                                0x00000000   Number         0  stubs.o ABSOLUTE
    _printf_lc                               0x00000000   Number         0  stubs.o ABSOLUTE
    _printf_ll                               0x00000000   Number         0  stubs.o ABSOLUTE
    _printf_lld                              0x00000000   Number         0  stubs.o ABSOLUTE
    _printf_lli                              0x00000000   Number         0  stubs.o ABSOLUTE
    _printf_llo                              0x00000000   Number         0  stubs.o ABSOLUTE
    _printf_llu                              0x00000000   Number         0  stubs.o ABSOLUTE
    _printf_llx                              0x00000000   Number         0  stubs.o ABSOLUTE
    _printf_longlong_dec                     0x00000000   Number         0  stubs.o ABSOLUTE
    _printf_longlong_hex                     0x00000000   Number         0  stubs.o ABSOLUTE
    _printf_longlong_oct                     0x00000000   Number         0  stubs.o ABSOLUTE
    _printf_ls                               0x00000000   Number         0  stubs.o ABSOLUTE
    _printf_mbtowc                           0x00000000   Number         0  stubs.o ABSOLUTE
    _printf_n                                0x00000000   Number         0  stubs.o ABSOLUTE
    _printf_o                                0x00000000   Number         0  stubs.o ABSOLUTE
    _printf_p                                0x00000000   Number         0  stubs.o ABSOLUTE
    _printf_percent                          0x00000000   Number         0  stubs.o ABSOLUTE
    _printf_pre_padding                      0x00000000   Number         0  stubs.o ABSOLUTE
    _printf_return_value                     0x00000000   Number         0  stubs.o ABSOLUTE
    _printf_s                                0x00000000   Number         0  stubs.o ABSOLUTE
    _printf_sizespec                         0x00000000   Number         0  stubs.o ABSOLUTE
    _printf_str                              0x00000000   Number         0  stubs.o ABSOLUTE
    _printf_truncate_signed                  0x00000000   Number         0  stubs.o ABSOLUTE
    _printf_truncate_unsigned                0x00000000   Number         0  stubs.o ABSOLUTE
    _printf_u                                0x00000000   Number         0  stubs.o ABSOLUTE
    _printf_wc                               0x00000000   Number         0  stubs.o ABSOLUTE
    _printf_wctomb                           0x00000000   Number         0  stubs.o ABSOLUTE
    _printf_widthprec                        0x00000000   Number         0  stubs.o ABSOLUTE
    _printf_x                                0x00000000   Number         0  stubs.o ABSOLUTE
    __cpp_initialize__aeabi_                  - Undefined Weak Reference
    __cxa_finalize                            - Undefined Weak Reference
    __decompress                              - Undefined Weak Reference
    _clock_init                               - Undefined Weak Reference
    _microlib_exit                            - Undefined Weak Reference
    __Vectors_Size                           0x00000130   Number         0  startup_stm32f103xe.o ABSOLUTE
    __Vectors                                0x08000000   Data           4  startup_stm32f103xe.o(RESET)
    __Vectors_End                            0x08000130   Data           0  startup_stm32f103xe.o(RESET)
    __main                                   0x08000131   Thumb Code     0  entry.o(.ARM.Collect$$$$00000000)
    _main_stk                                0x08000131   Thumb Code     0  entry2.o(.ARM.Collect$$$$00000001)
    _main_scatterload                        0x08000135   Thumb Code     0  entry5.o(.ARM.Collect$$$$00000004)
    __main_after_scatterload                 0x08000139   Thumb Code     0  entry5.o(.ARM.Collect$$$$00000004)
    _main_clock                              0x08000139   Thumb Code     0  entry7b.o(.ARM.Collect$$$$00000008)
    _main_cpp_init                           0x08000139   Thumb Code     0  entry8b.o(.ARM.Collect$$$$0000000A)
    _main_init                               0x08000139   Thumb Code     0  entry9a.o(.ARM.Collect$$$$0000000B)
    __rt_final_cpp                           0x08000141   Thumb Code     0  entry10a.o(.ARM.Collect$$$$0000000D)
    __rt_final_exit                          0x08000141   Thumb Code     0  entry11a.o(.ARM.Collect$$$$0000000F)
    Reset_Handler                            0x08000145   Thumb Code     8  startup_stm32f103xe.o(.text)
    ADC1_2_IRQHandler                        0x0800015f   Thumb Code     0  startup_stm32f103xe.o(.text)
    ADC3_IRQHandler                          0x0800015f   Thumb Code     0  startup_stm32f103xe.o(.text)
    CAN1_RX1_IRQHandler                      0x0800015f   Thumb Code     0  startup_stm32f103xe.o(.text)
    CAN1_SCE_IRQHandler                      0x0800015f   Thumb Code     0  startup_stm32f103xe.o(.text)
    DMA1_Channel1_IRQHandler                 0x0800015f   Thumb Code     0  startup_stm32f103xe.o(.text)
    DMA1_Channel6_IRQHandler                 0x0800015f   Thumb Code     0  startup_stm32f103xe.o(.text)
    DMA1_Channel7_IRQHandler                 0x0800015f   Thumb Code     0  startup_stm32f103xe.o(.text)
    DMA2_Channel1_IRQHandler                 0x0800015f   Thumb Code     0  startup_stm32f103xe.o(.text)
    DMA2_Channel2_IRQHandler                 0x0800015f   Thumb Code     0  startup_stm32f103xe.o(.text)
    DMA2_Channel3_IRQHandler                 0x0800015f   Thumb Code     0  startup_stm32f103xe.o(.text)
    DMA2_Channel4_5_IRQHandler               0x0800015f   Thumb Code     0  startup_stm32f103xe.o(.text)
    EXTI0_IRQHandler                         0x0800015f   Thumb Code     0  startup_stm32f103xe.o(.text)
    EXTI15_10_IRQHandler                     0x0800015f   Thumb Code     0  startup_stm32f103xe.o(.text)
    EXTI1_IRQHandler                         0x0800015f   Thumb Code     0  startup_stm32f103xe.o(.text)
    EXTI2_IRQHandler                         0x0800015f   Thumb Code     0  startup_stm32f103xe.o(.text)
    EXTI3_IRQHandler                         0x0800015f   Thumb Code     0  startup_stm32f103xe.o(.text)
    EXTI4_IRQHandler                         0x0800015f   Thumb Code     0  startup_stm32f103xe.o(.text)
    EXTI9_5_IRQHandler                       0x0800015f   Thumb Code     0  startup_stm32f103xe.o(.text)
    FLASH_IRQHandler                         0x0800015f   Thumb Code     0  startup_stm32f103xe.o(.text)
    FSMC_IRQHandler                          0x0800015f   Thumb Code     0  startup_stm32f103xe.o(.text)
    I2C1_ER_IRQHandler                       0x0800015f   Thumb Code     0  startup_stm32f103xe.o(.text)
    I2C1_EV_IRQHandler                       0x0800015f   Thumb Code     0  startup_stm32f103xe.o(.text)
    I2C2_ER_IRQHandler                       0x0800015f   Thumb Code     0  startup_stm32f103xe.o(.text)
    I2C2_EV_IRQHandler                       0x0800015f   Thumb Code     0  startup_stm32f103xe.o(.text)
    PVD_IRQHandler                           0x0800015f   Thumb Code     0  startup_stm32f103xe.o(.text)
    RCC_IRQHandler                           0x0800015f   Thumb Code     0  startup_stm32f103xe.o(.text)
    RTC_Alarm_IRQHandler                     0x0800015f   Thumb Code     0  startup_stm32f103xe.o(.text)
    RTC_IRQHandler                           0x0800015f   Thumb Code     0  startup_stm32f103xe.o(.text)
    SDIO_IRQHandler                          0x0800015f   Thumb Code     0  startup_stm32f103xe.o(.text)
    SPI1_IRQHandler                          0x0800015f   Thumb Code     0  startup_stm32f103xe.o(.text)
    SPI2_IRQHandler                          0x0800015f   Thumb Code     0  startup_stm32f103xe.o(.text)
    SPI3_IRQHandler                          0x0800015f   Thumb Code     0  startup_stm32f103xe.o(.text)
    TAMPER_IRQHandler                        0x0800015f   Thumb Code     0  startup_stm32f103xe.o(.text)
    TIM1_BRK_IRQHandler                      0x0800015f   Thumb Code     0  startup_stm32f103xe.o(.text)
    TIM1_CC_IRQHandler                       0x0800015f   Thumb Code     0  startup_stm32f103xe.o(.text)
    TIM1_TRG_COM_IRQHandler                  0x0800015f   Thumb Code     0  startup_stm32f103xe.o(.text)
    TIM1_UP_IRQHandler                       0x0800015f   Thumb Code     0  startup_stm32f103xe.o(.text)
    TIM3_IRQHandler                          0x0800015f   Thumb Code     0  startup_stm32f103xe.o(.text)
    TIM4_IRQHandler                          0x0800015f   Thumb Code     0  startup_stm32f103xe.o(.text)
    TIM5_IRQHandler                          0x0800015f   Thumb Code     0  startup_stm32f103xe.o(.text)
    TIM6_IRQHandler                          0x0800015f   Thumb Code     0  startup_stm32f103xe.o(.text)
    TIM7_IRQHandler                          0x0800015f   Thumb Code     0  startup_stm32f103xe.o(.text)
    TIM8_BRK_IRQHandler                      0x0800015f   Thumb Code     0  startup_stm32f103xe.o(.text)
    TIM8_CC_IRQHandler                       0x0800015f   Thumb Code     0  startup_stm32f103xe.o(.text)
    TIM8_TRG_COM_IRQHandler                  0x0800015f   Thumb Code     0  startup_stm32f103xe.o(.text)
    TIM8_UP_IRQHandler                       0x0800015f   Thumb Code     0  startup_stm32f103xe.o(.text)
    UART4_IRQHandler                         0x0800015f   Thumb Code     0  startup_stm32f103xe.o(.text)
    UART5_IRQHandler                         0x0800015f   Thumb Code     0  startup_stm32f103xe.o(.text)
    USART2_IRQHandler                        0x0800015f   Thumb Code     0  startup_stm32f103xe.o(.text)
    USBWakeUp_IRQHandler                     0x0800015f   Thumb Code     0  startup_stm32f103xe.o(.text)
    USB_HP_CAN1_TX_IRQHandler                0x0800015f   Thumb Code     0  startup_stm32f103xe.o(.text)
    USB_LP_CAN1_RX0_IRQHandler               0x0800015f   Thumb Code     0  startup_stm32f103xe.o(.text)
    WWDG_IRQHandler                          0x0800015f   Thumb Code     0  startup_stm32f103xe.o(.text)
    __aeabi_llsr                             0x08000169   Thumb Code    32  llushr.o(.text)
    _ll_ushift_r                             0x08000169   Thumb Code     0  llushr.o(.text)
    __aeabi_memcpy                           0x08000189   Thumb Code    36  memcpya.o(.text)
    __aeabi_memcpy4                          0x08000189   Thumb Code     0  memcpya.o(.text)
    __aeabi_memcpy8                          0x08000189   Thumb Code     0  memcpya.o(.text)
    __aeabi_memset                           0x080001ad   Thumb Code    14  memseta.o(.text)
    __aeabi_memset4                          0x080001ad   Thumb Code     0  memseta.o(.text)
    __aeabi_memset8                          0x080001ad   Thumb Code     0  memseta.o(.text)
    __aeabi_memclr                           0x080001bb   Thumb Code     4  memseta.o(.text)
    __aeabi_memclr4                          0x080001bb   Thumb Code     0  memseta.o(.text)
    __aeabi_memclr8                          0x080001bb   Thumb Code     0  memseta.o(.text)
    _memset$wrapper                          0x080001bf   Thumb Code    18  memseta.o(.text)
    __aeabi_dmul                             0x080001d1   Thumb Code   228  dmul.o(.text)
    __aeabi_f2d                              0x080002b5   Thumb Code    38  f2d.o(.text)
    __aeabi_uidiv                            0x080002db   Thumb Code     0  uidiv.o(.text)
    __aeabi_uidivmod                         0x080002db   Thumb Code    44  uidiv.o(.text)
    __aeabi_uldivmod                         0x08000307   Thumb Code    98  uldiv.o(.text)
    __I$use$fp                               0x08000369   Thumb Code     0  iusefp.o(.text)
    _double_round                            0x08000369   Thumb Code    30  depilogue.o(.text)
    _double_epilogue                         0x08000387   Thumb Code   156  depilogue.o(.text)
    __aeabi_dadd                             0x08000423   Thumb Code   322  dadd.o(.text)
    __aeabi_dsub                             0x08000565   Thumb Code     6  dadd.o(.text)
    __aeabi_drsub                            0x0800056b   Thumb Code     6  dadd.o(.text)
    __aeabi_ddiv                             0x08000571   Thumb Code   222  ddiv.o(.text)
    __aeabi_d2ulz                            0x0800064f   Thumb Code    48  dfixul.o(.text)
    __aeabi_cdrcmple                         0x08000681   Thumb Code    48  cdrcmple.o(.text)
    __scatterload                            0x080006b1   Thumb Code    28  init.o(.text)
    __scatterload_rt2                        0x080006b1   Thumb Code     0  init.o(.text)
    __aeabi_llsl                             0x080006d5   Thumb Code    30  llshl.o(.text)
    _ll_shift_l                              0x080006d5   Thumb Code     0  llshl.o(.text)
    __aeabi_lasr                             0x080006f3   Thumb Code    36  llsshr.o(.text)
    _ll_sshift_r                             0x080006f3   Thumb Code     0  llsshr.o(.text)
    BusFault_Handler                         0x08000717   Thumb Code     2  stm32f1xx_it.o(i.BusFault_Handler)
    DMA1_Channel2_IRQHandler                 0x08000719   Thumb Code     6  stm32f1xx_it.o(i.DMA1_Channel2_IRQHandler)
    DMA1_Channel3_IRQHandler                 0x08000725   Thumb Code     6  stm32f1xx_it.o(i.DMA1_Channel3_IRQHandler)
    DMA1_Channel4_IRQHandler                 0x08000731   Thumb Code     6  stm32f1xx_it.o(i.DMA1_Channel4_IRQHandler)
    DMA1_Channel5_IRQHandler                 0x0800073d   Thumb Code     6  stm32f1xx_it.o(i.DMA1_Channel5_IRQHandler)
    DebugMon_Handler                         0x08000773   Thumb Code     2  stm32f1xx_it.o(i.DebugMon_Handler)
    Error_Handler                            0x08000775   Thumb Code     4  main.o(i.Error_Handler)
    HAL_DMA_Abort                            0x08000779   Thumb Code    70  stm32f1xx_hal_dma.o(i.HAL_DMA_Abort)
    HAL_DMA_Abort_IT                         0x080007c1   Thumb Code   296  stm32f1xx_hal_dma.o(i.HAL_DMA_Abort_IT)
    HAL_DMA_IRQHandler                       0x080008f1   Thumb Code   552  stm32f1xx_hal_dma.o(i.HAL_DMA_IRQHandler)
    HAL_DMA_Init                             0x08000b39   Thumb Code   112  stm32f1xx_hal_dma.o(i.HAL_DMA_Init)
    HAL_DMA_Start_IT                         0x08000bb5   Thumb Code   112  stm32f1xx_hal_dma.o(i.HAL_DMA_Start_IT)
    HAL_GPIO_Init                            0x08000c25   Thumb Code   462  stm32f1xx_hal_gpio.o(i.HAL_GPIO_Init)
    HAL_GPIO_WritePin                        0x08000e1d   Thumb Code    10  stm32f1xx_hal_gpio.o(i.HAL_GPIO_WritePin)
    HAL_GetTick                              0x08000e29   Thumb Code     6  stm32f1xx_hal.o(i.HAL_GetTick)
    HAL_IncTick                              0x08000e35   Thumb Code    12  stm32f1xx_hal.o(i.HAL_IncTick)
    HAL_Init                                 0x08000e45   Thumb Code    32  stm32f1xx_hal.o(i.HAL_Init)
    HAL_InitTick                             0x08000e69   Thumb Code    54  stm32f1xx_hal.o(i.HAL_InitTick)
    HAL_MspInit                              0x08000ea9   Thumb Code    52  stm32f1xx_hal_msp.o(i.HAL_MspInit)
    HAL_NVIC_EnableIRQ                       0x08000ee5   Thumb Code    26  stm32f1xx_hal_cortex.o(i.HAL_NVIC_EnableIRQ)
    HAL_NVIC_SetPriority                     0x08000f01   Thumb Code    60  stm32f1xx_hal_cortex.o(i.HAL_NVIC_SetPriority)
    HAL_NVIC_SetPriorityGrouping             0x08000f41   Thumb Code    26  stm32f1xx_hal_cortex.o(i.HAL_NVIC_SetPriorityGrouping)
    HAL_RCC_ClockConfig                      0x08000f65   Thumb Code   280  stm32f1xx_hal_rcc.o(i.HAL_RCC_ClockConfig)
    HAL_RCC_GetPCLK1Freq                     0x08001091   Thumb Code    20  stm32f1xx_hal_rcc.o(i.HAL_RCC_GetPCLK1Freq)
    HAL_RCC_GetPCLK2Freq                     0x080010b1   Thumb Code    20  stm32f1xx_hal_rcc.o(i.HAL_RCC_GetPCLK2Freq)
    HAL_RCC_GetSysClockFreq                  0x080010d1   Thumb Code    58  stm32f1xx_hal_rcc.o(i.HAL_RCC_GetSysClockFreq)
    HAL_RCC_OscConfig                        0x0800111d   Thumb Code   778  stm32f1xx_hal_rcc.o(i.HAL_RCC_OscConfig)
    HAL_SYSTICK_Config                       0x0800143d   Thumb Code    40  stm32f1xx_hal_cortex.o(i.HAL_SYSTICK_Config)
    HAL_TIMEx_BreakCallback                  0x08001465   Thumb Code     2  stm32f1xx_hal_tim_ex.o(i.HAL_TIMEx_BreakCallback)
    HAL_TIMEx_CommutCallback                 0x08001467   Thumb Code     2  stm32f1xx_hal_tim_ex.o(i.HAL_TIMEx_CommutCallback)
    HAL_TIMEx_MasterConfigSynchronization    0x08001469   Thumb Code   104  stm32f1xx_hal_tim_ex.o(i.HAL_TIMEx_MasterConfigSynchronization)
    HAL_TIM_Base_Init                        0x080014e5   Thumb Code    90  stm32f1xx_hal_tim.o(i.HAL_TIM_Base_Init)
    HAL_TIM_Base_MspInit                     0x08001541   Thumb Code    94  tim.o(i.HAL_TIM_Base_MspInit)
    HAL_TIM_Base_Start_IT                    0x080015ad   Thumb Code    88  stm32f1xx_hal_tim.o(i.HAL_TIM_Base_Start_IT)
    HAL_TIM_ConfigClockSource                0x08001619   Thumb Code   220  stm32f1xx_hal_tim.o(i.HAL_TIM_ConfigClockSource)
    HAL_TIM_IC_CaptureCallback               0x080016f5   Thumb Code     2  stm32f1xx_hal_tim.o(i.HAL_TIM_IC_CaptureCallback)
    HAL_TIM_IRQHandler                       0x080016f7   Thumb Code   358  stm32f1xx_hal_tim.o(i.HAL_TIM_IRQHandler)
    HAL_TIM_MspPostInit                      0x0800185d   Thumb Code    62  tim.o(i.HAL_TIM_MspPostInit)
    HAL_TIM_OC_DelayElapsedCallback          0x080018a9   Thumb Code     2  stm32f1xx_hal_tim.o(i.HAL_TIM_OC_DelayElapsedCallback)
    HAL_TIM_PWM_ConfigChannel                0x080018ab   Thumb Code   204  stm32f1xx_hal_tim.o(i.HAL_TIM_PWM_ConfigChannel)
    HAL_TIM_PWM_Init                         0x08001977   Thumb Code    90  stm32f1xx_hal_tim.o(i.HAL_TIM_PWM_Init)
    HAL_TIM_PWM_MspInit                      0x080019d1   Thumb Code     2  stm32f1xx_hal_tim.o(i.HAL_TIM_PWM_MspInit)
    HAL_TIM_PWM_PulseFinishedCallback        0x080019d3   Thumb Code     2  stm32f1xx_hal_tim.o(i.HAL_TIM_PWM_PulseFinishedCallback)
    HAL_TIM_PWM_Start                        0x080019d5   Thumb Code   160  stm32f1xx_hal_tim.o(i.HAL_TIM_PWM_Start)
    HAL_TIM_PeriodElapsedCallback            0x08001a89   Thumb Code    18  time.o(i.HAL_TIM_PeriodElapsedCallback)
    HAL_TIM_TriggerCallback                  0x08001aa1   Thumb Code     2  stm32f1xx_hal_tim.o(i.HAL_TIM_TriggerCallback)
    HAL_UARTEx_ReceiveToIdle_DMA             0x08001aa3   Thumb Code    78  stm32f1xx_hal_uart.o(i.HAL_UARTEx_ReceiveToIdle_DMA)
    HAL_UARTEx_RxEventCallback               0x08001af1   Thumb Code    62  dma_serial.o(i.HAL_UARTEx_RxEventCallback)
    HAL_UART_ErrorCallback                   0x08001b39   Thumb Code     2  stm32f1xx_hal_uart.o(i.HAL_UART_ErrorCallback)
    HAL_UART_IRQHandler                      0x08001b3d   Thumb Code   616  stm32f1xx_hal_uart.o(i.HAL_UART_IRQHandler)
    HAL_UART_Init                            0x08001da9   Thumb Code   100  stm32f1xx_hal_uart.o(i.HAL_UART_Init)
    HAL_UART_MspInit                         0x08001e0d   Thumb Code   384  usart.o(i.HAL_UART_MspInit)
    HAL_UART_RxCpltCallback                  0x08001fa9   Thumb Code     2  stm32f1xx_hal_uart.o(i.HAL_UART_RxCpltCallback)
    HAL_UART_RxHalfCpltCallback              0x08001fab   Thumb Code     2  stm32f1xx_hal_uart.o(i.HAL_UART_RxHalfCpltCallback)
    HAL_UART_Transmit                        0x08001fad   Thumb Code   154  stm32f1xx_hal_uart.o(i.HAL_UART_Transmit)
    HAL_UART_TxCpltCallback                  0x08002047   Thumb Code     2  stm32f1xx_hal_uart.o(i.HAL_UART_TxCpltCallback)
    HardFault_Handler                        0x08002049   Thumb Code     2  stm32f1xx_it.o(i.HardFault_Handler)
    I2C_Start                                0x0800204d   Thumb Code    70  oled.o(i.I2C_Start)
    I2C_Stop                                 0x08002099   Thumb Code    48  oled.o(i.I2C_Stop)
    I2C_WaitAck                              0x080020cd   Thumb Code    58  oled.o(i.I2C_WaitAck)
    MX_DMA_Init                              0x0800210d   Thumb Code    88  dma.o(i.MX_DMA_Init)
    MX_GPIO_Init                             0x08002169   Thumb Code   158  gpio.o(i.MX_GPIO_Init)
    MX_TIM1_Init                             0x08002215   Thumb Code    94  tim.o(i.MX_TIM1_Init)
    MX_TIM2_Init                             0x0800227d   Thumb Code   100  tim.o(i.MX_TIM2_Init)
    MX_TIM3_Init                             0x080022e5   Thumb Code   166  tim.o(i.MX_TIM3_Init)
    MX_USART1_UART_Init                      0x08002395   Thumb Code    48  usart.o(i.MX_USART1_UART_Init)
    MX_USART3_UART_Init                      0x080023cd   Thumb Code    48  usart.o(i.MX_USART3_UART_Init)
    MemManage_Handler                        0x08002405   Thumb Code     2  stm32f1xx_it.o(i.MemManage_Handler)
    NMI_Handler                              0x08002407   Thumb Code     2  stm32f1xx_it.o(i.NMI_Handler)
    OLED_Clear                               0x08002409   Thumb Code    40  oled.o(i.OLED_Clear)
    OLED_DrawPoint                           0x08002435   Thumb Code    40  oled.o(i.OLED_DrawPoint)
    OLED_Init                                0x08002461   Thumb Code   234  oled.o(i.OLED_Init)
    OLED_Pow                                 0x0800254b   Thumb Code    16  oled.o(i.OLED_Pow)
    OLED_Refresh                             0x0800255d   Thumb Code   100  oled.o(i.OLED_Refresh)
    OLED_ShowChar                            0x080025c5   Thumb Code   212  oled.o(i.OLED_ShowChar)
    OLED_ShowNum                             0x080026a9   Thumb Code   110  oled.o(i.OLED_ShowNum)
    OLED_ShowString                          0x08002717   Thumb Code    60  oled.o(i.OLED_ShowString)
    OLED_Showfloat                           0x08002755   Thumb Code    48  oled.o(i.OLED_Showfloat)
    OLED_WR_Byte                             0x0800278d   Thumb Code    54  oled.o(i.OLED_WR_Byte)
    PendSV_Handler                           0x080027c3   Thumb Code     2  stm32f1xx_it.o(i.PendSV_Handler)
    SVC_Handler                              0x080027c5   Thumb Code     2  stm32f1xx_it.o(i.SVC_Handler)
    Send_Byte                                0x080027c9   Thumb Code    82  oled.o(i.Send_Byte)
    SysTick_Handler                          0x08002821   Thumb Code     4  stm32f1xx_it.o(i.SysTick_Handler)
    SystemClock_Config                       0x08002825   Thumb Code    94  main.o(i.SystemClock_Config)
    SystemInit                               0x08002883   Thumb Code     2  system_stm32f1xx.o(i.SystemInit)
    TIM2_IRQHandler                          0x08002885   Thumb Code     6  stm32f1xx_it.o(i.TIM2_IRQHandler)
    TIM_Base_SetConfig                       0x08002891   Thumb Code   120  stm32f1xx_hal_tim.o(i.TIM_Base_SetConfig)
    TIM_CCxChannelCmd                        0x0800291d   Thumb Code    26  stm32f1xx_hal_tim.o(i.TIM_CCxChannelCmd)
    TIM_ETR_SetConfig                        0x08002937   Thumb Code    20  stm32f1xx_hal_tim.o(i.TIM_ETR_SetConfig)
    TIM_OC2_SetConfig                        0x080029bd   Thumb Code    98  stm32f1xx_hal_tim.o(i.TIM_OC2_SetConfig)
    UART_Start_Receive_DMA                   0x08002e09   Thumb Code   130  stm32f1xx_hal_uart.o(i.UART_Start_Receive_DMA)
    USART1_IRQHandler                        0x08002f11   Thumb Code     6  stm32f1xx_it.o(i.USART1_IRQHandler)
    USART3_IRQHandler                        0x08002f1d   Thumb Code     6  stm32f1xx_it.o(i.USART3_IRQHandler)
    UsageFault_Handler                       0x08002f29   Thumb Code     2  stm32f1xx_it.o(i.UsageFault_Handler)
    __0printf                                0x08002f2d   Thumb Code    22  printfa.o(i.__0printf)
    __1printf                                0x08002f2d   Thumb Code     0  printfa.o(i.__0printf)
    __2printf                                0x08002f2d   Thumb Code     0  printfa.o(i.__0printf)
    __c89printf                              0x08002f2d   Thumb Code     0  printfa.o(i.__0printf)
    printf                                   0x08002f2d   Thumb Code     0  printfa.o(i.__0printf)
    __0sprintf                               0x08002f4d   Thumb Code    34  printfa.o(i.__0sprintf)
    __1sprintf                               0x08002f4d   Thumb Code     0  printfa.o(i.__0sprintf)
    __2sprintf                               0x08002f4d   Thumb Code     0  printfa.o(i.__0sprintf)
    __c89sprintf                             0x08002f4d   Thumb Code     0  printfa.o(i.__0sprintf)
    sprintf                                  0x08002f4d   Thumb Code     0  printfa.o(i.__0sprintf)
    __scatterload_copy                       0x08002f95   Thumb Code    14  handlers.o(i.__scatterload_copy)
    __scatterload_null                       0x08002fa3   Thumb Code     2  handlers.o(i.__scatterload_null)
    __scatterload_zeroinit                   0x08002fa5   Thumb Code    14  handlers.o(i.__scatterload_zeroinit)
    delay_us                                 0x08003871   Thumb Code    48  delay.o(i.delay_us)
    fputc                                    0x080038a5   Thumb Code    18  usart.o(i.fputc)
    main                                     0x080038bd   Thumb Code   142  main.o(i.main)
    timer_init                               0x08003971   Thumb Code    20  time.o(i.timer_init)
    AHBPrescTable                            0x0800399e   Data          16  system_stm32f1xx.o(.constdata)
    APBPrescTable                            0x080039ae   Data           8  system_stm32f1xx.o(.constdata)
    asc2_0806                                0x080039b6   Data         552  oled.o(.constdata)
    asc2_1206                                0x08003bde   Data        1140  oled.o(.constdata)
    asc2_1608                                0x08004052   Data        1520  oled.o(.constdata)
    asc2_2412                                0x08004642   Data        3420  oled.o(.constdata)
    Hzk1                                     0x0800539e   Data         448  oled.o(.constdata)
    Hzk2                                     0x0800555e   Data          72  oled.o(.constdata)
    Hzk3                                     0x080055a6   Data         128  oled.o(.constdata)
    Hzk4                                     0x08005626   Data         512  oled.o(.constdata)
    Region$$Table$$Base                      0x08005828   Number         0  anon$$obj.o(Region$$Table)
    Region$$Table$$Limit                     0x08005848   Number         0  anon$$obj.o(Region$$Table)
    __stdout                                 0x20000000   Data           4  usart.o(.data)
    uwTickFreq                               0x20000004   Data           1  stm32f1xx_hal.o(.data)
    uwTickPrio                               0x20000008   Data           4  stm32f1xx_hal.o(.data)
    uwTick                                   0x2000000c   Data           4  stm32f1xx_hal.o(.data)
    SystemCoreClock                          0x20000010   Data           4  system_stm32f1xx.o(.data)
    fac_us                                   0x20000014   Data           4  delay.o(.data)
    time1                                    0x20000018   Data           4  time.o(.data)
    htim1                                    0x2000001c   Data          72  tim.o(.bss)
    htim2                                    0x20000064   Data          72  tim.o(.bss)
    htim3                                    0x200000ac   Data          72  tim.o(.bss)
    huart1                                   0x200000f4   Data          72  usart.o(.bss)
    huart3                                   0x2000013c   Data          72  usart.o(.bss)
    hdma_usart1_rx                           0x20000184   Data          68  usart.o(.bss)
    hdma_usart1_tx                           0x200001c8   Data          68  usart.o(.bss)
    hdma_usart3_rx                           0x2000020c   Data          68  usart.o(.bss)
    hdma_usart3_tx                           0x20000250   Data          68  usart.o(.bss)
    OLED_GRAM                                0x20000294   Data        1152  oled.o(.bss)
    xUart1                                   0x20000714   Data        1026  dma_serial.o(.bss)
    __initial_sp                             0x20000f18   Data           0  startup_stm32f103xe.o(STACK)



==============================================================================

Memory Map of the image

  Image Entry point : 0x08000131

  Load Region LR_IROM1 (Base: 0x08000000, Size: 0x00005864, Max: 0x00040000, ABSOLUTE)

    Execution Region ER_IROM1 (Exec base: 0x08000000, Load base: 0x08000000, Size: 0x00005848, Max: 0x00040000, ABSOLUTE)

    Exec Addr    Load Addr    Size         Type   Attr      Idx    E Section Name        Object

    0x08000000   0x08000000   0x00000130   Data   RO            3    RESET               startup_stm32f103xe.o
    0x08000130   0x08000130   0x00000000   Code   RO         3178  * .ARM.Collect$$$$00000000  mc_w.l(entry.o)
    0x08000130   0x08000130   0x00000004   Code   RO         3460    .ARM.Collect$$$$00000001  mc_w.l(entry2.o)
    0x08000134   0x08000134   0x00000004   Code   RO         3463    .ARM.Collect$$$$00000004  mc_w.l(entry5.o)
    0x08000138   0x08000138   0x00000000   Code   RO         3465    .ARM.Collect$$$$00000008  mc_w.l(entry7b.o)
    0x08000138   0x08000138   0x00000000   Code   RO         3467    .ARM.Collect$$$$0000000A  mc_w.l(entry8b.o)
    0x08000138   0x08000138   0x00000008   Code   RO         3468    .ARM.Collect$$$$0000000B  mc_w.l(entry9a.o)
    0x08000140   0x08000140   0x00000000   Code   RO         3470    .ARM.Collect$$$$0000000D  mc_w.l(entry10a.o)
    0x08000140   0x08000140   0x00000000   Code   RO         3472    .ARM.Collect$$$$0000000F  mc_w.l(entry11a.o)
    0x08000140   0x08000140   0x00000004   Code   RO         3461    .ARM.Collect$$$$00002712  mc_w.l(entry2.o)
    0x08000144   0x08000144   0x00000024   Code   RO            4    .text               startup_stm32f103xe.o
    0x08000168   0x08000168   0x00000020   Code   RO         3181    .text               mc_w.l(llushr.o)
    0x08000188   0x08000188   0x00000024   Code   RO         3183    .text               mc_w.l(memcpya.o)
    0x080001ac   0x080001ac   0x00000024   Code   RO         3185    .text               mc_w.l(memseta.o)
    0x080001d0   0x080001d0   0x000000e4   Code   RO         3450    .text               mf_w.l(dmul.o)
    0x080002b4   0x080002b4   0x00000026   Code   RO         3456    .text               mf_w.l(f2d.o)
    0x080002da   0x080002da   0x0000002c   Code   RO         3474    .text               mc_w.l(uidiv.o)
    0x08000306   0x08000306   0x00000062   Code   RO         3476    .text               mc_w.l(uldiv.o)
    0x08000368   0x08000368   0x00000000   Code   RO         3478    .text               mc_w.l(iusefp.o)
    0x08000368   0x08000368   0x000000ba   Code   RO         3481    .text               mf_w.l(depilogue.o)
    0x08000422   0x08000422   0x0000014e   Code   RO         3483    .text               mf_w.l(dadd.o)
    0x08000570   0x08000570   0x000000de   Code   RO         3485    .text               mf_w.l(ddiv.o)
    0x0800064e   0x0800064e   0x00000030   Code   RO         3487    .text               mf_w.l(dfixul.o)
    0x0800067e   0x0800067e   0x00000002   PAD
    0x08000680   0x08000680   0x00000030   Code   RO         3489    .text               mf_w.l(cdrcmple.o)
    0x080006b0   0x080006b0   0x00000024   Code   RO         3491    .text               mc_w.l(init.o)
    0x080006d4   0x080006d4   0x0000001e   Code   RO         3493    .text               mc_w.l(llshl.o)
    0x080006f2   0x080006f2   0x00000024   Code   RO         3495    .text               mc_w.l(llsshr.o)
    0x08000716   0x08000716   0x00000002   Code   RO          350    i.BusFault_Handler  stm32f1xx_it.o
    0x08000718   0x08000718   0x0000000c   Code   RO          351    i.DMA1_Channel2_IRQHandler  stm32f1xx_it.o
    0x08000724   0x08000724   0x0000000c   Code   RO          352    i.DMA1_Channel3_IRQHandler  stm32f1xx_it.o
    0x08000730   0x08000730   0x0000000c   Code   RO          353    i.DMA1_Channel4_IRQHandler  stm32f1xx_it.o
    0x0800073c   0x0800073c   0x0000000c   Code   RO          354    i.DMA1_Channel5_IRQHandler  stm32f1xx_it.o
    0x08000748   0x08000748   0x0000002a   Code   RO         1881    i.DMA_SetConfig     stm32f1xx_hal_dma.o
    0x08000772   0x08000772   0x00000002   Code   RO          355    i.DebugMon_Handler  stm32f1xx_it.o
    0x08000774   0x08000774   0x00000004   Code   RO           13    i.Error_Handler     main.o
    0x08000778   0x08000778   0x00000046   Code   RO         1882    i.HAL_DMA_Abort     stm32f1xx_hal_dma.o
    0x080007be   0x080007be   0x00000002   PAD
    0x080007c0   0x080007c0   0x00000130   Code   RO         1883    i.HAL_DMA_Abort_IT  stm32f1xx_hal_dma.o
    0x080008f0   0x080008f0   0x00000248   Code   RO         1887    i.HAL_DMA_IRQHandler  stm32f1xx_hal_dma.o
    0x08000b38   0x08000b38   0x0000007c   Code   RO         1888    i.HAL_DMA_Init      stm32f1xx_hal_dma.o
    0x08000bb4   0x08000bb4   0x00000070   Code   RO         1892    i.HAL_DMA_Start_IT  stm32f1xx_hal_dma.o
    0x08000c24   0x08000c24   0x000001f8   Code   RO         1818    i.HAL_GPIO_Init     stm32f1xx_hal_gpio.o
    0x08000e1c   0x08000e1c   0x0000000a   Code   RO         1822    i.HAL_GPIO_WritePin  stm32f1xx_hal_gpio.o
    0x08000e26   0x08000e26   0x00000002   PAD
    0x08000e28   0x08000e28   0x0000000c   Code   RO         1512    i.HAL_GetTick       stm32f1xx_hal.o
    0x08000e34   0x08000e34   0x00000010   Code   RO         1518    i.HAL_IncTick       stm32f1xx_hal.o
    0x08000e44   0x08000e44   0x00000024   Code   RO         1519    i.HAL_Init          stm32f1xx_hal.o
    0x08000e68   0x08000e68   0x00000040   Code   RO         1520    i.HAL_InitTick      stm32f1xx_hal.o
    0x08000ea8   0x08000ea8   0x0000003c   Code   RO          468    i.HAL_MspInit       stm32f1xx_hal_msp.o
    0x08000ee4   0x08000ee4   0x0000001a   Code   RO         1978    i.HAL_NVIC_EnableIRQ  stm32f1xx_hal_cortex.o
    0x08000efe   0x08000efe   0x00000002   PAD
    0x08000f00   0x08000f00   0x00000040   Code   RO         1984    i.HAL_NVIC_SetPriority  stm32f1xx_hal_cortex.o
    0x08000f40   0x08000f40   0x00000024   Code   RO         1985    i.HAL_NVIC_SetPriorityGrouping  stm32f1xx_hal_cortex.o
    0x08000f64   0x08000f64   0x0000012c   Code   RO         1676    i.HAL_RCC_ClockConfig  stm32f1xx_hal_rcc.o
    0x08001090   0x08001090   0x00000020   Code   RO         1683    i.HAL_RCC_GetPCLK1Freq  stm32f1xx_hal_rcc.o
    0x080010b0   0x080010b0   0x00000020   Code   RO         1684    i.HAL_RCC_GetPCLK2Freq  stm32f1xx_hal_rcc.o
    0x080010d0   0x080010d0   0x0000004c   Code   RO         1685    i.HAL_RCC_GetSysClockFreq  stm32f1xx_hal_rcc.o
    0x0800111c   0x0800111c   0x00000320   Code   RO         1688    i.HAL_RCC_OscConfig  stm32f1xx_hal_rcc.o
    0x0800143c   0x0800143c   0x00000028   Code   RO         1989    i.HAL_SYSTICK_Config  stm32f1xx_hal_cortex.o
    0x08001464   0x08001464   0x00000002   Code   RO         1234    i.HAL_TIMEx_BreakCallback  stm32f1xx_hal_tim_ex.o
    0x08001466   0x08001466   0x00000002   Code   RO         1235    i.HAL_TIMEx_CommutCallback  stm32f1xx_hal_tim_ex.o
    0x08001468   0x08001468   0x0000007c   Code   RO         1253    i.HAL_TIMEx_MasterConfigSynchronization  stm32f1xx_hal_tim_ex.o
    0x080014e4   0x080014e4   0x0000005a   Code   RO          530    i.HAL_TIM_Base_Init  stm32f1xx_hal_tim.o
    0x0800153e   0x0800153e   0x00000002   PAD
    0x08001540   0x08001540   0x0000006c   Code   RO          226    i.HAL_TIM_Base_MspInit  tim.o
    0x080015ac   0x080015ac   0x0000006c   Code   RO          535    i.HAL_TIM_Base_Start_IT  stm32f1xx_hal_tim.o
    0x08001618   0x08001618   0x000000dc   Code   RO          539    i.HAL_TIM_ConfigClockSource  stm32f1xx_hal_tim.o
    0x080016f4   0x080016f4   0x00000002   Code   RO          564    i.HAL_TIM_IC_CaptureCallback  stm32f1xx_hal_tim.o
    0x080016f6   0x080016f6   0x00000166   Code   RO          578    i.HAL_TIM_IRQHandler  stm32f1xx_hal_tim.o
    0x0800185c   0x0800185c   0x0000004c   Code   RO          227    i.HAL_TIM_MspPostInit  tim.o
    0x080018a8   0x080018a8   0x00000002   Code   RO          581    i.HAL_TIM_OC_DelayElapsedCallback  stm32f1xx_hal_tim.o
    0x080018aa   0x080018aa   0x000000cc   Code   RO          602    i.HAL_TIM_PWM_ConfigChannel  stm32f1xx_hal_tim.o
    0x08001976   0x08001976   0x0000005a   Code   RO          605    i.HAL_TIM_PWM_Init  stm32f1xx_hal_tim.o
    0x080019d0   0x080019d0   0x00000002   Code   RO          607    i.HAL_TIM_PWM_MspInit  stm32f1xx_hal_tim.o
    0x080019d2   0x080019d2   0x00000002   Code   RO          608    i.HAL_TIM_PWM_PulseFinishedCallback  stm32f1xx_hal_tim.o
    0x080019d4   0x080019d4   0x000000b4   Code   RO          610    i.HAL_TIM_PWM_Start  stm32f1xx_hal_tim.o
    0x08001a88   0x08001a88   0x00000018   Code   RO         3091    i.HAL_TIM_PeriodElapsedCallback  time.o
    0x08001aa0   0x08001aa0   0x00000002   Code   RO          621    i.HAL_TIM_TriggerCallback  stm32f1xx_hal_tim.o
    0x08001aa2   0x08001aa2   0x0000004e   Code   RO         2488    i.HAL_UARTEx_ReceiveToIdle_DMA  stm32f1xx_hal_uart.o
    0x08001af0   0x08001af0   0x00000048   Code   RO         3127    i.HAL_UARTEx_RxEventCallback  dma_serial.o
    0x08001b38   0x08001b38   0x00000002   Code   RO         2504    i.HAL_UART_ErrorCallback  stm32f1xx_hal_uart.o
    0x08001b3a   0x08001b3a   0x00000002   PAD
    0x08001b3c   0x08001b3c   0x0000026c   Code   RO         2507    i.HAL_UART_IRQHandler  stm32f1xx_hal_uart.o
    0x08001da8   0x08001da8   0x00000064   Code   RO         2508    i.HAL_UART_Init     stm32f1xx_hal_uart.o
    0x08001e0c   0x08001e0c   0x0000019c   Code   RO          286    i.HAL_UART_MspInit  usart.o
    0x08001fa8   0x08001fa8   0x00000002   Code   RO         2514    i.HAL_UART_RxCpltCallback  stm32f1xx_hal_uart.o
    0x08001faa   0x08001faa   0x00000002   Code   RO         2515    i.HAL_UART_RxHalfCpltCallback  stm32f1xx_hal_uart.o
    0x08001fac   0x08001fac   0x0000009a   Code   RO         2516    i.HAL_UART_Transmit  stm32f1xx_hal_uart.o
    0x08002046   0x08002046   0x00000002   Code   RO         2519    i.HAL_UART_TxCpltCallback  stm32f1xx_hal_uart.o
    0x08002048   0x08002048   0x00000002   Code   RO          356    i.HardFault_Handler  stm32f1xx_it.o
    0x0800204a   0x0800204a   0x00000002   PAD
    0x0800204c   0x0800204c   0x0000004c   Code   RO         2879    i.I2C_Start         oled.o
    0x08002098   0x08002098   0x00000034   Code   RO         2880    i.I2C_Stop          oled.o
    0x080020cc   0x080020cc   0x00000040   Code   RO         2881    i.I2C_WaitAck       oled.o
    0x0800210c   0x0800210c   0x0000005c   Code   RO          201    i.MX_DMA_Init       dma.o
    0x08002168   0x08002168   0x000000ac   Code   RO          177    i.MX_GPIO_Init      gpio.o
    0x08002214   0x08002214   0x00000068   Code   RO          228    i.MX_TIM1_Init      tim.o
    0x0800227c   0x0800227c   0x00000068   Code   RO          229    i.MX_TIM2_Init      tim.o
    0x080022e4   0x080022e4   0x000000b0   Code   RO          230    i.MX_TIM3_Init      tim.o
    0x08002394   0x08002394   0x00000038   Code   RO          287    i.MX_USART1_UART_Init  usart.o
    0x080023cc   0x080023cc   0x00000038   Code   RO          288    i.MX_USART3_UART_Init  usart.o
    0x08002404   0x08002404   0x00000002   Code   RO          357    i.MemManage_Handler  stm32f1xx_it.o
    0x08002406   0x08002406   0x00000002   Code   RO          358    i.NMI_Handler       stm32f1xx_it.o
    0x08002408   0x08002408   0x0000002c   Code   RO         2883    i.OLED_Clear        oled.o
    0x08002434   0x08002434   0x0000002c   Code   RO         2890    i.OLED_DrawPoint    oled.o
    0x08002460   0x08002460   0x000000ea   Code   RO         2891    i.OLED_Init         oled.o
    0x0800254a   0x0800254a   0x00000010   Code   RO         2892    i.OLED_Pow          oled.o
    0x0800255a   0x0800255a   0x00000002   PAD
    0x0800255c   0x0800255c   0x00000068   Code   RO         2893    i.OLED_Refresh      oled.o
    0x080025c4   0x080025c4   0x000000e4   Code   RO         2895    i.OLED_ShowChar     oled.o
    0x080026a8   0x080026a8   0x0000006e   Code   RO         2897    i.OLED_ShowNum      oled.o
    0x08002716   0x08002716   0x0000003c   Code   RO         2899    i.OLED_ShowString   oled.o
    0x08002752   0x08002752   0x00000002   PAD
    0x08002754   0x08002754   0x00000038   Code   RO         2900    i.OLED_Showfloat    oled.o
    0x0800278c   0x0800278c   0x00000036   Code   RO         2901    i.OLED_WR_Byte      oled.o
    0x080027c2   0x080027c2   0x00000002   Code   RO          359    i.PendSV_Handler    stm32f1xx_it.o
    0x080027c4   0x080027c4   0x00000002   Code   RO          360    i.SVC_Handler       stm32f1xx_it.o
    0x080027c6   0x080027c6   0x00000002   PAD
    0x080027c8   0x080027c8   0x00000058   Code   RO         2902    i.Send_Byte         oled.o
    0x08002820   0x08002820   0x00000004   Code   RO          361    i.SysTick_Handler   stm32f1xx_it.o
    0x08002824   0x08002824   0x0000005e   Code   RO           14    i.SystemClock_Config  main.o
    0x08002882   0x08002882   0x00000002   Code   RO         2842    i.SystemInit        system_stm32f1xx.o
    0x08002884   0x08002884   0x0000000c   Code   RO          362    i.TIM2_IRQHandler   stm32f1xx_it.o
    0x08002890   0x08002890   0x0000008c   Code   RO          623    i.TIM_Base_SetConfig  stm32f1xx_hal_tim.o
    0x0800291c   0x0800291c   0x0000001a   Code   RO          624    i.TIM_CCxChannelCmd  stm32f1xx_hal_tim.o
    0x08002936   0x08002936   0x00000014   Code   RO          634    i.TIM_ETR_SetConfig  stm32f1xx_hal_tim.o
    0x0800294a   0x0800294a   0x00000010   Code   RO          635    i.TIM_ITRx_SetConfig  stm32f1xx_hal_tim.o
    0x0800295a   0x0800295a   0x00000002   PAD
    0x0800295c   0x0800295c   0x00000060   Code   RO          636    i.TIM_OC1_SetConfig  stm32f1xx_hal_tim.o
    0x080029bc   0x080029bc   0x0000006c   Code   RO          637    i.TIM_OC2_SetConfig  stm32f1xx_hal_tim.o
    0x08002a28   0x08002a28   0x00000068   Code   RO          638    i.TIM_OC3_SetConfig  stm32f1xx_hal_tim.o
    0x08002a90   0x08002a90   0x00000050   Code   RO          639    i.TIM_OC4_SetConfig  stm32f1xx_hal_tim.o
    0x08002ae0   0x08002ae0   0x00000022   Code   RO          641    i.TIM_TI1_ConfigInputStage  stm32f1xx_hal_tim.o
    0x08002b02   0x08002b02   0x00000024   Code   RO          643    i.TIM_TI2_ConfigInputStage  stm32f1xx_hal_tim.o
    0x08002b26   0x08002b26   0x00000010   Code   RO         2521    i.UART_DMAAbortOnError  stm32f1xx_hal_uart.o
    0x08002b36   0x08002b36   0x0000004a   Code   RO         2522    i.UART_DMAError     stm32f1xx_hal_uart.o
    0x08002b80   0x08002b80   0x00000086   Code   RO         2523    i.UART_DMAReceiveCplt  stm32f1xx_hal_uart.o
    0x08002c06   0x08002c06   0x0000001e   Code   RO         2525    i.UART_DMARxHalfCplt  stm32f1xx_hal_uart.o
    0x08002c24   0x08002c24   0x0000004e   Code   RO         2531    i.UART_EndRxTransfer  stm32f1xx_hal_uart.o
    0x08002c72   0x08002c72   0x0000001c   Code   RO         2532    i.UART_EndTxTransfer  stm32f1xx_hal_uart.o
    0x08002c8e   0x08002c8e   0x000000c2   Code   RO         2533    i.UART_Receive_IT   stm32f1xx_hal_uart.o
    0x08002d50   0x08002d50   0x000000b8   Code   RO         2534    i.UART_SetConfig    stm32f1xx_hal_uart.o
    0x08002e08   0x08002e08   0x00000090   Code   RO         2535    i.UART_Start_Receive_DMA  stm32f1xx_hal_uart.o
    0x08002e98   0x08002e98   0x00000078   Code   RO         2537    i.UART_WaitOnFlagUntilTimeout  stm32f1xx_hal_uart.o
    0x08002f10   0x08002f10   0x0000000c   Code   RO          363    i.USART1_IRQHandler  stm32f1xx_it.o
    0x08002f1c   0x08002f1c   0x0000000c   Code   RO          364    i.USART3_IRQHandler  stm32f1xx_it.o
    0x08002f28   0x08002f28   0x00000002   Code   RO          365    i.UsageFault_Handler  stm32f1xx_it.o
    0x08002f2a   0x08002f2a   0x00000002   PAD
    0x08002f2c   0x08002f2c   0x00000020   Code   RO         3422    i.__0printf         mc_w.l(printfa.o)
    0x08002f4c   0x08002f4c   0x00000028   Code   RO         3424    i.__0sprintf        mc_w.l(printfa.o)
    0x08002f74   0x08002f74   0x00000020   Code   RO         1991    i.__NVIC_SetPriority  stm32f1xx_hal_cortex.o
    0x08002f94   0x08002f94   0x0000000e   Code   RO         3499    i.__scatterload_copy  mc_w.l(handlers.o)
    0x08002fa2   0x08002fa2   0x00000002   Code   RO         3500    i.__scatterload_null  mc_w.l(handlers.o)
    0x08002fa4   0x08002fa4   0x0000000e   Code   RO         3501    i.__scatterload_zeroinit  mc_w.l(handlers.o)
    0x08002fb2   0x08002fb2   0x00000002   PAD
    0x08002fb4   0x08002fb4   0x00000184   Code   RO         3429    i._fp_digits        mc_w.l(printfa.o)
    0x08003138   0x08003138   0x000006dc   Code   RO         3430    i._printf_core      mc_w.l(printfa.o)
    0x08003814   0x08003814   0x00000024   Code   RO         3431    i._printf_post_padding  mc_w.l(printfa.o)
    0x08003838   0x08003838   0x0000002e   Code   RO         3432    i._printf_pre_padding  mc_w.l(printfa.o)
    0x08003866   0x08003866   0x0000000a   Code   RO         3434    i._sputc            mc_w.l(printfa.o)
    0x08003870   0x08003870   0x00000034   Code   RO         3061    i.delay_us          delay.o
    0x080038a4   0x080038a4   0x00000018   Code   RO          290    i.fputc             usart.o
    0x080038bc   0x080038bc   0x000000b4   Code   RO           15    i.main              main.o
    0x08003970   0x08003970   0x0000001c   Code   RO         3092    i.timer_init        time.o
    0x0800398c   0x0800398c   0x00000012   Data   RO         1689    .constdata          stm32f1xx_hal_rcc.o
    0x0800399e   0x0800399e   0x00000010   Data   RO         2843    .constdata          system_stm32f1xx.o
    0x080039ae   0x080039ae   0x00000008   Data   RO         2844    .constdata          system_stm32f1xx.o
    0x080039b6   0x080039b6   0x00001e70   Data   RO         2904    .constdata          oled.o
    0x08005826   0x08005826   0x00000002   PAD
    0x08005828   0x08005828   0x00000020   Data   RO         3497    Region$$Table       anon$$obj.o


    Execution Region RW_IRAM1 (Exec base: 0x20000000, Load base: 0x08005848, Size: 0x00000f18, Max: 0x0000c000, ABSOLUTE)

    Exec Addr    Load Addr    Size         Type   Attr      Idx    E Section Name        Object

    0x20000000   0x08005848   0x00000004   Data   RW          292    .data               usart.o
    0x20000004   0x0800584c   0x0000000c   Data   RW         1526    .data               stm32f1xx_hal.o
    0x20000010   0x08005858   0x00000004   Data   RW         2845    .data               system_stm32f1xx.o
    0x20000014   0x0800585c   0x00000004   Data   RW         3062    .data               delay.o
    0x20000018   0x08005860   0x00000004   Data   RW         3093    .data               time.o
    0x2000001c        -       0x000000d8   Zero   RW          231    .bss                tim.o
    0x200000f4        -       0x000001a0   Zero   RW          291    .bss                usart.o
    0x20000294        -       0x00000480   Zero   RW         2903    .bss                oled.o
    0x20000714        -       0x00000402   Zero   RW         3131    .bss                dma_serial.o
    0x20000b16   0x08005864   0x00000002   PAD
    0x20000b18        -       0x00000400   Zero   RW            1    STACK               startup_stm32f103xe.o


==============================================================================

Image component sizes


      Code (inc. data)   RO Data    RW Data    ZI Data      Debug   Object Name

        52          4          0          4          0        760   delay.o
        92          4          0          0          0        710   dma.o
        72         10          0          0       1026       1952   dma_serial.o
       172         14          0          0          0        895   gpio.o
       278         38          0          0          0     487416   main.o
      1230         58       7792          0       1152       9644   oled.o
        36          8        304          0       1024        768   startup_stm32f103xe.o
       128         24          0         12          0       5661   stm32f1xx_hal.o
       198         14          0          0          0      28731   stm32f1xx_hal_cortex.o
      1236         52          0          0          0       4874   stm32f1xx_hal_dma.o
       514         42          0          0          0       2800   stm32f1xx_hal_gpio.o
        60          8          0          0          0        806   stm32f1xx_hal_msp.o
      1240         84         18          0          0       4900   stm32f1xx_hal_rcc.o
      1920         96          0          0          0      15394   stm32f1xx_hal_tim.o
       128         20          0          0          0       2261   stm32f1xx_hal_tim_ex.o
      1962         24          0          0          0      13521   stm32f1xx_hal_uart.o
       104         42          0          0          0       6408   stm32f1xx_it.o
         2          0         24          4          0       1011   system_stm32f1xx.o
       568         52          0          0        216       3446   tim.o
        52         14          0          4          0       1265   time.o
       548         50          0          4        416       4263   usart.o

    ----------------------------------------------------------------------
     10614        658       8172         28       3836     597486   Object Totals
         0          0         32          0          0          0   (incl. Generated)
        22          0          2          0          2          0   (incl. Padding)

    ----------------------------------------------------------------------

      Code (inc. data)   RO Data    RW Data    ZI Data      Debug   Library Member Name

         0          0          0          0          0          0   entry.o
         0          0          0          0          0          0   entry10a.o
         0          0          0          0          0          0   entry11a.o
         8          4          0          0          0          0   entry2.o
         4          0          0          0          0          0   entry5.o
         0          0          0          0          0          0   entry7b.o
         0          0          0          0          0          0   entry8b.o
         8          4          0          0          0          0   entry9a.o
        30          0          0          0          0          0   handlers.o
        36          8          0          0          0         68   init.o
         0          0          0          0          0          0   iusefp.o
        30          0          0          0          0         68   llshl.o
        36          0          0          0          0         68   llsshr.o
        32          0          0          0          0         68   llushr.o
        36          0          0          0          0         68   memcpya.o
        36          0          0          0          0        108   memseta.o
      2308         96          0          0          0        604   printfa.o
        44          0          0          0          0         80   uidiv.o
        98          0          0          0          0         92   uldiv.o
        48          0          0          0          0         68   cdrcmple.o
       334          0          0          0          0        148   dadd.o
       222          0          0          0          0        100   ddiv.o
       186          0          0          0          0        176   depilogue.o
        48          0          0          0          0         68   dfixul.o
       228          0          0          0          0         96   dmul.o
        38          0          0          0          0         68   f2d.o

    ----------------------------------------------------------------------
      3814        112          0          0          0       1948   Library Totals
         4          0          0          0          0          0   (incl. Padding)

    ----------------------------------------------------------------------

      Code (inc. data)   RO Data    RW Data    ZI Data      Debug   Library Name

      2706        112          0          0          0       1224   mc_w.l
      1104          0          0          0          0        724   mf_w.l

    ----------------------------------------------------------------------
      3814        112          0          0          0       1948   Library Totals

    ----------------------------------------------------------------------

==============================================================================


      Code (inc. data)   RO Data    RW Data    ZI Data      Debug   

     14428        770       8172         28       3836     592774   Grand Totals
     14428        770       8172         28       3836     592774   ELF Image Totals
     14428        770       8172         28          0          0   ROM Totals

==============================================================================

    Total RO  Size (Code + RO Data)                22600 (  22.07kB)
    Total RW  Size (RW Data + ZI Data)              3864 (   3.77kB)
    Total ROM Size (Code + RO Data + RW Data)      22628 (  22.10kB)

==============================================================================

